Microchip MPLAB XC8 Compiler V2.41

Linker command line:

-W-3 \
  --edf=C:\Program Files\Microchip\xc8\v2.41\pic\dat\20230208172133_en.msgs \
  -cn -h+dist/default/production\car_back_box.X.production.sym \
  --cmf=dist/default/production\car_back_box.X.production.cmf -z -Q18F4580 \
  -oC:\Users\santh\AppData\Local\Temp\xcAs3pg.\driver_tmp_3.o \
  --defsym=__MPLAB_BUILD=1 --fixupoverflow=error \
  -Mdist/default/production/car_back_box.X.production.map \
  --md=C:\Users\santh\AppData\Local\Temp\xcAs3pg.\driver_tmp_0.dat -E1 \
  -ver=XC8 Compiler --acfsm=1493 -ACODE=00h-03000h -ACONST=00h-03000h \
  -ASMALLCONST=0600h-06FFhx42,03000h-03000h -AMEDIUMCONST=0600h-03000h \
  -ACOMRAM=01h-05Fh -AABS1=00h-05FFh -ABIGRAM=01h-05FFh \
  -ARAM=060h-0FFh,0100h-01FFhx5 -ABANK0=060h-0FFh -ABANK1=0100h-01FFh \
  -ABANK2=0200h-02FFh -ABANK3=0300h-03FFh -ABANK4=0400h-04FFh \
  -ABANK5=0500h-05FFh -ASFR=0D00h-0DFFhx2,0F00h-0F5Fh,0F60h-0FFFh \
  -ABIGSFR=0D00h-0FFFh -ACONFIG=0300000h-030000Dh -AIDLOC=0200000h-0200007h \
  -AEEDATA=0F00000h-0F000FFh -peeprom_data=EEDATA \
  -preset_vec=00h,intcode=08h,intcodelo,powerup,init -pramtop=0600h \
  -psmallconst=SMALLCONST -pmediumconst=MEDIUMCONST -pconst=CONST \
  -AFARRAM=00h-00h \
  -prdata=COMRAM,nvrram=COMRAM,nvbit=COMRAM,rbss=COMRAM,rbit=COMRAM \
  -pfarbss=FARRAM,fardata=FARRAM,nvFARRAM=FARRAM \
  -pintsave_regs=BIGRAM,bigbss=BIGRAM,bigdata=BIGRAM -pbss=RAM \
  -pidata=CODE,irdata=CODE,ibigdata=CODE,ifardata=CODE -prparam=COMRAM \
  C:\Users\santh\AppData\Local\Temp\xcAs3pg.\driver_tmp_9.o \
  dist/default/production\car_back_box.X.production.o 

Object code version is 3.11

Machine type is 18F4580



                Name                               Link     Load   Length Selector   Space Scale
C:\Users\santh\AppData\Local\Temp\xcAs3pg.\driver_tmp_9.o
                idloc                            200000   200000        8        0       5
                config                           300000   300000        E        0       4
                init                                  E        E        4        4       0
                reset_vec                             0        0        4        0       0
dist/default/production\car_back_box.X.production.o
                intcode                               8        8        6        4       0
                idloc                            200000   200000        8        0       5
                config                           300000   300000        E        0       4
                temp                                 5D       5D        1        1       1
                mediumconst                        2DD6     2DD6      22A     16EB       0
                intcode_body                       262E     262E       48        4       0
                text45                             1000     1000      39A        4       0
                text44                             1EDC     1EDC      106        4       0
                text43                             1910     1910      1B4        4       0
                text42                             2778     2778       3A     135E       0
                text41                             235A     235A       6C        4       0
                text40                             2842     2842       18     135E       0
                text39                             289C     289C       12     135E       0
                text38                             28E6     28E6        8     135E       0
                text37                             28DE     28DE        8     135E       0
                text36                             28BA     28BA        C     135E       0
                text35                             26BC     26BC       40     135E       0
                text34                             1FE2     1FE2       C2        4       0
                text33                              4BE      4BE      3E0        4       0
                text32                             2154     2154       9E        4       0
                text31                               12       12      4AC        4       0
                text30                             2544     2544       5A        4       0
                text29                             1AC4     1AC4      192        4       0
                text28                             24E6     24E6       5E        4       0
                text27                             2274     2274       74        4       0
                text26                             23C6     23C6       64        4       0
                text25                             273A     273A       3E     135E       0
                text24                             26FC     26FC       3E     135E       0
                text23                             2886     2886       16     135E       0
                text22                             2488     2488       5E        4       0
                text21                             28EE     28EE        6     135E       0
                text20                             28D6     28D6        8     135E       0
                text19                             28AE     28AE        C     135E       0
                text18                             28CE     28CE        8     135E       0
                text17                             27DC     27DC       2A     135E       0
                text16                             1C56     1C56      17E        4       0
                text15                             27B2     27B2       2A     135E       0
                text14                             21F2     21F2       82        4       0
                text13                             2824     2824       1E     135E       0
                text12                             20A4     20A4       B0        4       0
                text11                             2806     2806       1E     135E       0
                text10                             25E6     25E6       48        4       0
                text9                              2870     2870       16     135E       0
                text8                              28C6     28C6        8     135E       0
                text7                              285A     285A       16     135E       0
                text6                              259E     259E       48        4       0
                text5                              139A     139A      2DE        4       0
                text4                              1DD4     1DD4      108        4       0
                text3                              22E8     22E8       72        4       0
                text2                               C56      C56      3AA        4       0
                text1                              1678     1678      298        4       0
                text0                               89E      89E      3B8        4       0
                cstackCOMRAM                          1        1       42        1       1
                dataBANK0                            60       60       45       60       1
                bssBANK0                             A5       A5       2C       60       1
                dataCOMRAM                           5B       5B        2        1       1
                bssCOMRAM                            43       43       18        1       1
                cinit                              242A     242A       5E        4       0
                idataBANK0                         2676     2676       45        4       0
                idataCOMRAM                        28F4     28F4        2     135E       0

TOTAL           Name                               Link     Load   Length     Space
        CLASS   CODE           
                intcode                               8        8        6         0
                init                                  E        E        4         0
                reset_vec                             0        0        4         0
                intcode_body                       262E     262E       48         0
                text45                             1000     1000      39A         0
                text44                             1EDC     1EDC      106         0
                text43                             1910     1910      1B4         0
                text42                             2778     2778       3A         0
                text41                             235A     235A       6C         0
                text40                             2842     2842       18         0
                text39                             289C     289C       12         0
                text38                             28E6     28E6        8         0
                text37                             28DE     28DE        8         0
                text36                             28BA     28BA        C         0
                text35                             26BC     26BC       40         0
                text34                             1FE2     1FE2       C2         0
                text33                              4BE      4BE      3E0         0
                text32                             2154     2154       9E         0
                text31                               12       12      4AC         0
                text30                             2544     2544       5A         0
                text29                             1AC4     1AC4      192         0
                text28                             24E6     24E6       5E         0
                text27                             2274     2274       74         0
                text26                             23C6     23C6       64         0
                text25                             273A     273A       3E         0
                text24                             26FC     26FC       3E         0
                text23                             2886     2886       16         0
                text22                             2488     2488       5E         0
                text21                             28EE     28EE        6         0
                text20                             28D6     28D6        8         0
                text19                             28AE     28AE        C         0
                text18                             28CE     28CE        8         0
                text17                             27DC     27DC       2A         0
                text16                             1C56     1C56      17E         0
                text15                             27B2     27B2       2A         0
                text14                             21F2     21F2       82         0
                text13                             2824     2824       1E         0
                text12                             20A4     20A4       B0         0
                text11                             2806     2806       1E         0
                text10                             25E6     25E6       48         0
                text9                              2870     2870       16         0
                text8                              28C6     28C6        8         0
                text7                              285A     285A       16         0
                text6                              259E     259E       48         0
                text5                              139A     139A      2DE         0
                text4                              1DD4     1DD4      108         0
                text3                              22E8     22E8       72         0
                text2                               C56      C56      3AA         0
                text1                              1678     1678      298         0
                text0                               89E      89E      3B8         0
                cinit                              242A     242A       5E         0
                idataBANK0                         2676     2676       45         0
                idataCOMRAM                        28F4     28F4        2         0

        CLASS   CONST          

        CLASS   SMALLCONST     

        CLASS   MEDIUMCONST    
                mediumconst                        2DD6     2DD6      22A         0

        CLASS   COMRAM         
                temp                                 5D       5D        1         1
                cstackCOMRAM                          1        1       42         1
                dataCOMRAM                           5B       5B        2         1
                bssCOMRAM                            43       43       18         1

        CLASS   ABS1           

        CLASS   BIGRAM         

        CLASS   RAM            

        CLASS   BANK0          
                dataBANK0                            60       60       45         1
                bssBANK0                             A5       A5       2C         1

        CLASS   BANK1          

        CLASS   BANK2          

        CLASS   BANK3          

        CLASS   BANK4          

        CLASS   BANK5          

        CLASS   SFR            

        CLASS   BIGSFR         

        CLASS   CONFIG         
                config                           300000   300000        E         4

        CLASS   IDLOC          
                idloc                            200000   200000        8         5

        CLASS   EEDATA         

        CLASS   FARRAM         

        CLASS   HEAP           

        CLASS   STACK          



SEGMENTS        Name                           Load    Length   Top    Selector   Space  Class

                reset_vec                      000000  000004  000004         0       0  CODE    
                cstackCOMRAM                   000001  00005D  00005E         1       1  COMRAM  
                intcode                        000008  0026B3  0026BB         4       0  CODE    
                dataBANK0                      000060  000071  0000D1        60       1  BANK0   
                text35                         0026BC  00023A  0028F6      135E       0  CODE    
                mediumconst                    002DD6  00022A  003000      16EB       0  MEDIUMCO


UNUSED ADDRESS RANGES

        Name                Unused          Largest block    Delta
        BANK0            0000D1-0000FF               2F
        BANK1            000100-0001FF              100
        BANK2            000200-0002FF              100
        BANK3            000300-0003FF              100
        BANK4            000400-0004FF              100
        BANK5            000500-0005FF              100
        BIGRAM           00005E-00005F                2
                         0000D1-0005FF              52F
        BIGSFR           000D00-000FFF              300
        CODE             000004-000007                4
                         0026BB-0026BB                1
                         0028F6-002DD5              4E0
                         003000-003000                1
        COMRAM           00005E-00005F                2
        CONST            000004-000007                4
                         0026BB-0026BB                1
                         0028F6-002DD5              4E0
                         003000-003000                1
        EEDATA           F00000-F000FF              100
        MEDIUMCONST      0026BB-0026BB                1
                         0028F6-002DD5              4E0
                         003000-003000                1
        RAM              0000D1-0005FF              100
        SFR              000D00-000FFF              100
        SMALLCONST       0026BB-0026BB                1
                         0028F6-002DD5              100
                         003000-003000                1

                                  Symbol Table

?___fldiv                           cstackCOMRAM 000017
?___fltol                           cstackCOMRAM 000030
?___lwdiv                           cstackCOMRAM 000001
?___lwmod                           cstackCOMRAM 000001
?___xxtofl                          cstackCOMRAM 000009
?_read_adc                          cstackCOMRAM 000001
?_validate_password                 cstackCOMRAM 000001
_ABDEN                              (abs)        007DC0
_ABDOVF                             (abs)        007DC7
_ACKDT                              (abs)        007E2D
_ACKEN                              (abs)        007E2C
_ACKSTAT                            (abs)        007E2E
_ACQT0                              (abs)        007E03
_ACQT1                              (abs)        007E04
_ACQT2                              (abs)        007E05
_ADCON0                             (abs)        000FC2
_ADCS0                              (abs)        007E00
_ADCS1                              (abs)        007E01
_ADCS2                              (abs)        007E02
_ADDEN                              (abs)        007D5B
_ADFM                               (abs)        007E07
_ADON                               (abs)        007E10
_ADRESH                             (abs)        000FC4
_ADRESL                             (abs)        000FC3
_BCLIF                              (abs)        007D0B
_BRG16                              (abs)        007DC3
_BRGH                               (abs)        007D62
_CKE                                (abs)        007E3E
_CREN                               (abs)        007D5C
_CSRC                               (abs)        007D67
_FERR                               (abs)        007D5A
_GIE                                (abs)        007F97
_GO                                 (abs)        007E11
_OERR                               (abs)        007D59
_PCFG0                              (abs)        007E08
_PCFG1                              (abs)        007E09
_PCFG2                              (abs)        007E0A
_PCFG3                              (abs)        007E0B
_PEIE                               (abs)        007F96
_PEN                                (abs)        007E2A
_PORTD                              (abs)        000F83
_PSA                                (abs)        007EAB
_RB1                                (abs)        007C09
_RB2                                (abs)        007C0A
_RB3                                (abs)        007C0B
_RB4                                (abs)        007C0C
_RB5                                (abs)        007C0D
_RB6                                (abs)        007C0E
_RB7                                (abs)        007C0F
_RBPU                               (abs)        007F8F
_RC0                                (abs)        007C10
_RC1                                (abs)        007C11
_RC2                                (abs)        007C12
_RCEN                               (abs)        007E2B
_RCIDL                              (abs)        007DC6
_RCIE                               (abs)        007CED
_RCIF                               (abs)        007CF5
_RCREG                              (abs)        000FAE
_RD7                                (abs)        007C1F
_RSEN                               (abs)        007E29
_RX9                                (abs)        007D5E
_RX9D                               (abs)        007D58
_SCKP                               (abs)        007DC4
_SEN                                (abs)        007E28
_SENDB                              (abs)        007D63
_SMP                                (abs)        007E3F
_SPBRG                              (abs)        000FAF
_SPEN                               (abs)        007D5F
_SREN                               (abs)        007D5D
_SSPADD                             (abs)        000FC8
_SSPBUF                             (abs)        000FC9
_SSPCON1                            (abs)        000FC6
_SSPIF                              (abs)        007CF3
_SYNC                               (abs)        007D64
_T08BIT                             (abs)        007EAE
_T0CS                               (abs)        007EAD
_TMR0                               (abs)        000FD6
_TMR0IE                             (abs)        007F95
_TMR0IF                             (abs)        007F92
_TMR0ON                             (abs)        007EAF
_TRISB                              (abs)        000F93
_TRISC                              (abs)        000F94
_TRISC3                             (abs)        007CA3
_TRISC4                             (abs)        007CA4
_TRISC6                             (abs)        007CA6
_TRISC7                             (abs)        007CA7
_TRISD                              (abs)        000F95
_TRISD7                             (abs)        007CAF
_TRMT                               (abs)        007D61
_TX9                                (abs)        007D66
_TX9D                               (abs)        007D60
_TXEN                               (abs)        007D65
_TXIE                               (abs)        007CEC
_TXIF                               (abs)        007CF4
_TXREG                              (abs)        000FAD
_VCFG0                              (abs)        007E0C
_VCFG1                              (abs)        007E0D
_WUE                                (abs)        007DC1
__HRAM                              (abs)        000000
__H__absolute__                     __absolute__ 000000
__Habs1                             abs1         000000
__Hbank0                            bank0        000000
__Hbank1                            bank1        000000
__Hbank2                            bank2        000000
__Hbank3                            bank3        000000
__Hbank4                            bank4        000000
__Hbank5                            bank5        000000
__Hbigbss                           bigbss       000000
__Hbigdata                          bigdata      000000
__Hbigram                           bigram       000000
__Hbigsfr                           bigsfr       000000
__Hbss                              bss          000000
__HbssBANK0                         bssBANK0     000000
__HbssCOMRAM                        bssCOMRAM    000000
__Hcinit                            cinit        000000
__Hclrtext                          clrtext      000000
__Hcomram                           comram       000000
__Hconfig                           config       30000E
__Hconst                            const        000000
__HcstackCOMRAM                     cstackCOMRAM 000000
__Hdata                             data         000000
__HdataBANK0                        dataBANK0    000000
__HdataCOMRAM                       dataCOMRAM   000000
__Heeprom_data                      eeprom_data  000000
__Hfarbss                           farbss       000000
__Hfardata                          fardata      000000
__Hheap                             heap         000000
__Hibigdata                         ibigdata     000000
__Hidata                            idata        000000
__HidataBANK0                       idataBANK0   000000
__HidataCOMRAM                      idataCOMRAM  000000
__Hidloc                            idloc        200008
__Hifardata                         ifardata     000000
__Hinit                             init         000012
__Hintcode                          intcode      00000E
__Hintcode_body                     intcode_body 000000
__Hintcodelo                        intcodelo    00000E
__Hintentry                         intentry     000000
__Hintret                           intret       000000
__Hintsave_regs                     intsave_regs 000000
__Hirdata                           irdata       000000
__Hmediumconst                      mediumconst  003000
__HnvFARRAM                         nvFARRAM     000000
__Hnvbit                            nvbit        000000
__Hnvrram                           nvrram       000000
__Hparam                            rparam       000000
__Hpowerup                          powerup      00000E
__Hram                              ram          000000
__Hramtop                           ramtop       000600
__Hrbit                             rbit         000000
__Hrbss                             rbss         000000
__Hrdata                            rdata        000000
__Hreset_vec                        reset_vec    000004
__Hrparam                           rparam       000000
__Hsfr                              sfr          000000
__Hsmallconst                       smallconst   000000
__Hspace_0                          (abs)        003000
__Hspace_1                          (abs)        0000D1
__Hspace_2                          (abs)        000000
__Hspace_4                          (abs)        60000E
__Hstack                            stack        000000
__Hstruct                           struct       000000
__Htemp                             temp         00005E
__Htext                             text         000000
__Htext0                            text0        000000
__Htext1                            text1        000000
__Htext10                           text10       000000
__Htext11                           text11       000000
__Htext12                           text12       000000
__Htext13                           text13       000000
__Htext14                           text14       000000
__Htext15                           text15       000000
__Htext16                           text16       000000
__Htext17                           text17       000000
__Htext18                           text18       000000
__Htext19                           text19       000000
__Htext2                            text2        000000
__Htext20                           text20       000000
__Htext21                           text21       000000
__Htext22                           text22       000000
__Htext23                           text23       000000
__Htext24                           text24       000000
__Htext25                           text25       000000
__Htext26                           text26       000000
__Htext27                           text27       000000
__Htext28                           text28       000000
__Htext29                           text29       000000
__Htext3                            text3        000000
__Htext30                           text30       000000
__Htext31                           text31       000000
__Htext32                           text32       000000
__Htext33                           text33       000000
__Htext34                           text34       000000
__Htext35                           text35       000000
__Htext36                           text36       000000
__Htext37                           text37       000000
__Htext38                           text38       000000
__Htext39                           text39       000000
__Htext4                            text4        000000
__Htext40                           text40       000000
__Htext41                           text41       000000
__Htext42                           text42       000000
__Htext43                           text43       000000
__Htext44                           text44       000000
__Htext45                           text45       000000
__Htext5                            text5        000000
__Htext6                            text6        000000
__Htext7                            text7        000000
__Htext8                            text8        000000
__Htext9                            text9        000000
__LRAM                              (abs)        000001
__L__absolute__                     __absolute__ 000000
__Labs1                             abs1         000000
__Lbank0                            bank0        000000
__Lbank1                            bank1        000000
__Lbank2                            bank2        000000
__Lbank3                            bank3        000000
__Lbank4                            bank4        000000
__Lbank5                            bank5        000000
__Lbigbss                           bigbss       000000
__Lbigdata                          bigdata      000000
__Lbigram                           bigram       000000
__Lbigsfr                           bigsfr       000000
__Lbss                              bss          000000
__LbssBANK0                         bssBANK0     000000
__LbssCOMRAM                        bssCOMRAM    000000
__Lcinit                            cinit        000000
__Lclrtext                          clrtext      000000
__Lcomram                           comram       000000
__Lconfig                           config       000000
__Lconst                            const        000000
__LcstackCOMRAM                     cstackCOMRAM 000000
__Ldata                             data         000000
__LdataBANK0                        dataBANK0    000000
__LdataCOMRAM                       dataCOMRAM   000000
__Leeprom_data                      eeprom_data  000000
__Lfarbss                           farbss       000000
__Lfardata                          fardata      000000
__Lheap                             heap         000000
__Libigdata                         ibigdata     000000
__Lidata                            idata        000000
__LidataBANK0                       idataBANK0   000000
__LidataCOMRAM                      idataCOMRAM  000000
__Lidloc                            idloc        000000
__Lifardata                         ifardata     000000
__Linit                             init         00000E
__Lintcode                          intcode      000008
__Lintcode_body                     intcode_body 000000
__Lintcodelo                        intcodelo    00000E
__Lintentry                         intentry     000000
__Lintret                           intret       000000
__Lintsave_regs                     intsave_regs 000000
__Lirdata                           irdata       000000
__Lmediumconst                      mediumconst  002DD6
__LnvFARRAM                         nvFARRAM     000000
__Lnvbit                            nvbit        000000
__Lnvrram                           nvrram       000000
__Lparam                            rparam       000000
__Lpowerup                          powerup      00000E
__Lram                              ram          000000
__Lramtop                           ramtop       000600
__Lrbit                             rbit         000000
__Lrbss                             rbss         000000
__Lrdata                            rdata        000000
__Lreset_vec                        reset_vec    000000
__Lrparam                           rparam       000000
__Lsfr                              sfr          000000
__Lsmallconst                       smallconst   000000
__Lspace_0                          (abs)        000000
__Lspace_1                          (abs)        000000
__Lspace_2                          (abs)        000000
__Lspace_4                          (abs)        000000
__Lstack                            stack        000000
__Lstruct                           struct       000000
__Ltemp                             temp         00005D
__Ltext                             text         000000
__Ltext0                            text0        000000
__Ltext1                            text1        000000
__Ltext10                           text10       000000
__Ltext11                           text11       000000
__Ltext12                           text12       000000
__Ltext13                           text13       000000
__Ltext14                           text14       000000
__Ltext15                           text15       000000
__Ltext16                           text16       000000
__Ltext17                           text17       000000
__Ltext18                           text18       000000
__Ltext19                           text19       000000
__Ltext2                            text2        000000
__Ltext20                           text20       000000
__Ltext21                           text21       000000
__Ltext22                           text22       000000
__Ltext23                           text23       000000
__Ltext24                           text24       000000
__Ltext25                           text25       000000
__Ltext26                           text26       000000
__Ltext27                           text27       000000
__Ltext28                           text28       000000
__Ltext29                           text29       000000
__Ltext3                            text3        000000
__Ltext30                           text30       000000
__Ltext31                           text31       000000
__Ltext32                           text32       000000
__Ltext33                           text33       000000
__Ltext34                           text34       000000
__Ltext35                           text35       000000
__Ltext36                           text36       000000
__Ltext37                           text37       000000
__Ltext38                           text38       000000
__Ltext39                           text39       000000
__Ltext4                            text4        000000
__Ltext40                           text40       000000
__Ltext41                           text41       000000
__Ltext42                           text42       000000
__Ltext43                           text43       000000
__Ltext44                           text44       000000
__Ltext45                           text45       000000
__Ltext5                            text5        000000
__Ltext6                            text6        000000
__Ltext7                            text7        000000
__Ltext8                            text8        000000
__Ltext9                            text9        000000
__S0                                (abs)        003000
__S1                                (abs)        0000D1
__S4                                (abs)        000000
__S5                                (abs)        000000
___fldiv                            text45       001000
___fldiv@a                          cstackCOMRAM 00001B
___fldiv@aexp                       cstackCOMRAM 00002F
___fldiv@b                          cstackCOMRAM 000017
___fldiv@bexp                       cstackCOMRAM 00002E
___fldiv@grs                        cstackCOMRAM 00002A
___fldiv@new_exp                    cstackCOMRAM 000028
___fldiv@rem                        cstackCOMRAM 000023
___fldiv@sign                       cstackCOMRAM 000027
___fltol                            text44       001EDC
___fltol@exp1                       cstackCOMRAM 000039
___fltol@f1                         cstackCOMRAM 000030
___fltol@sign1                      cstackCOMRAM 000038
___heap_hi                          (abs)        000000
___heap_lo                          (abs)        000000
___inthi_sp                         stack        000000
___intlo_sp                         stack        000000
___lwdiv                            text27       002274
___lwdiv@counter                    cstackCOMRAM 000007
___lwdiv@dividend                   cstackCOMRAM 000001
___lwdiv@divisor                    cstackCOMRAM 000003
___lwdiv@quotient                   cstackCOMRAM 000005
___lwmod                            text26       0023C6
___lwmod@counter                    cstackCOMRAM 000005
___lwmod@dividend                   cstackCOMRAM 000001
___lwmod@divisor                    cstackCOMRAM 000003
___param_bank                       (abs)        000000
___rparam_used                      (abs)        000001
___sp                               stack        000000
___xxtofl                           text43       001910
___xxtofl@arg                       cstackCOMRAM 000013
___xxtofl@exp                       cstackCOMRAM 000012
___xxtofl@sign                      cstackCOMRAM 000011
___xxtofl@val                       cstackCOMRAM 000009
__accesstop                         (abs)        000060
__activetblptr                      (abs)        000002
__end_of___fldiv                    text45       00139A
__end_of___fltol                    text44       001FE2
__end_of___lwdiv                    text27       0022E8
__end_of___lwmod                    text26       00242A
__end_of___xxtofl                   text43       001AC4
__end_of__initialization            cinit        00247A
__end_of_car_menu                   text33       00089E
__end_of_change_password            text31       0004BE
__end_of_clcd_print                 text41       0023C6
__end_of_clcd_putch                 text40       00285A
__end_of_clcd_write                 text42       0027B2
__end_of_clear_log                  text30       00259E
__end_of_display_dashboard          text28       002544
__end_of_display_speed              text25       002778
__end_of_download_log               text16       001DD4
__end_of_gear_monitor               text29       001C56
__end_of_get_time                   text14       002274
__end_of_i2c_idle                   text39       0028AE
__end_of_i2c_no_ack                 text21       0028F4
__end_of_i2c_read                   text19       0028BA
__end_of_i2c_rep_start              text18       0028D6
__end_of_i2c_rx_mode                text20       0028DE
__end_of_i2c_start                  text38       0028EE
__end_of_i2c_stop                   text37       0028E6
__end_of_i2c_write                  text36       0028C6
__end_of_init_adc                   text13       002842
__end_of_init_clcd                  text12       002154
__end_of_init_config                text7        002870
__end_of_init_ds1307                text10       00262E
__end_of_init_i2c                   text9        002886
__end_of_init_matrix_keypad         text8        0028CE
__end_of_init_uart                  text24       00273A
__end_of_isr                        intcode_body 002676
__end_of_main                       text0        000C56
__end_of_putch                      text23       00289C
__end_of_puts                       text22       0024E6
__end_of_read_adc                   text6        0025E6
__end_of_read_ds1307                text15       0027DC
__end_of_read_external_eeprom       text17       002806
__end_of_read_password              text5        001678
__end_of_read_switches              text3        00235A
__end_of_scan_key                   text4        001EDC
__end_of_set_time                   text2        001000
__end_of_store_event                text34       0020A4
__end_of_validate_password          text32       0021F2
__end_of_view_log                   text1        001910
__end_of_write_ds1307               text11       002824
__end_of_write_external_eeprom      text35       0026FC
__initialization                    cinit        00242A
__mediumconst                       mediumconst  002DD6
__pbssBANK0                         bssBANK0     0000A5
__pbssCOMRAM                        bssCOMRAM    000043
__pcinit                            cinit        00242A
__pcstackCOMRAM                     cstackCOMRAM 000001
__pdataBANK0                        dataBANK0    000060
__pdataCOMRAM                       dataCOMRAM   00005B
__pidataBANK0                       idataBANK0   002676
__pidataCOMRAM                      idataCOMRAM  0028F4
__pintcode                          intcode      000008
__pintcode_body                     intcode_body 00262E
__pmediumconst                      mediumconst  002DD6
__ptext0                            text0        00089E
__ptext1                            text1        001678
__ptext10                           text10       0025E6
__ptext11                           text11       002806
__ptext12                           text12       0020A4
__ptext13                           text13       002824
__ptext14                           text14       0021F2
__ptext15                           text15       0027B2
__ptext16                           text16       001C56
__ptext17                           text17       0027DC
__ptext18                           text18       0028CE
__ptext19                           text19       0028AE
__ptext2                            text2        000C56
__ptext20                           text20       0028D6
__ptext21                           text21       0028EE
__ptext22                           text22       002488
__ptext23                           text23       002886
__ptext24                           text24       0026FC
__ptext25                           text25       00273A
__ptext26                           text26       0023C6
__ptext27                           text27       002274
__ptext28                           text28       0024E6
__ptext29                           text29       001AC4
__ptext3                            text3        0022E8
__ptext30                           text30       002544
__ptext31                           text31       000012
__ptext32                           text32       002154
__ptext33                           text33       0004BE
__ptext34                           text34       001FE2
__ptext35                           text35       0026BC
__ptext36                           text36       0028BA
__ptext37                           text37       0028DE
__ptext38                           text38       0028E6
__ptext39                           text39       00289C
__ptext4                            text4        001DD4
__ptext40                           text40       002842
__ptext41                           text41       00235A
__ptext42                           text42       002778
__ptext43                           text43       001910
__ptext44                           text44       001EDC
__ptext45                           text45       001000
__ptext5                            text5        00139A
__ptext6                            text6        00259E
__ptext7                            text7        00285A
__ptext8                            text8        0028C6
__ptext9                            text9        002870
__ramtop                            ramtop       000600
__smallconst                        smallconst   000000
_address                            bssBANK0     0000AA
_attempt                            dataCOMRAM   00005C
_car_menu                           text33       0004BE
_change_password                    text31       000012
_clcd_print                         text41       00235A
_clcd_putch                         text40       002842
_clcd_write                         text42       002778
_clear_log                          text30       002544
_clock_reg                          bssBANK0     0000A5
_confirm_password                   bssBANK0     0000C7
_count                              bssBANK0     0000A8
_count1_event                       bssBANK0     0000AE
_count_event                        bssCOMRAM    000043
_display_dashboard                  text28       0024E6
_display_speed                      text25       00273A
_download_log                       text16       001C56
_enter_flag                         bssCOMRAM    00005A
_enter_password                     bssBANK0     0000CC
_event                              dataBANK0    000086
_gear_data                          dataBANK0    000060
_gear_flag                          bssCOMRAM    000057
_gear_index                         bssCOMRAM    000051
_gear_monitor                       text29       001AC4
_get_time                           text14       0021F2
_i2c_idle                           text39       00289C
_i2c_no_ack                         text21       0028EE
_i2c_read                           text19       0028AE
_i2c_rep_start                      text18       0028CE
_i2c_rx_mode                        text20       0028D6
_i2c_start                          text38       0028E6
_i2c_stop                           text37       0028DE
_i2c_write                          text36       0028BA
_index                              bssCOMRAM    00004F
_index_1                            bssCOMRAM    000049
_index_2                            dataBANK0    000084
_index_eeprom                       bssBANK0     0000B2
_init_adc                           text13       002824
_init_clcd                          text12       0020A4
_init_config                        text7        00285A
_init_ds1307                        text10       0025E6
_init_i2c                           text9        002870
_init_matrix_keypad                 text8        0028C6
_init_uart                          text24       0026FC
_isr                                intcode      000008
_key                                bssBANK0     0000B0
_main                               text0        00089E
_menu                               dataBANK0    000070
_menu_event                         dataBANK0    00007A
_menu_index                         bssCOMRAM    000047
_original_password                  dataBANK0    0000A0
_pass_flag                          bssCOMRAM    000055
_pass_key                           bssCOMRAM    000059
_previous_key                       bssCOMRAM    00004B
_putch                              text23       002886
_puts                               text22       002488
_read_adc                           text6        00259E
_read_ds1307                        text15       0027B2
_read_external_eeprom               text17       0027DC
_read_password                      text5        00139A
_read_switches                      text3        0022E8
_scan_key                           text4        001DD4
_sec                                bssCOMRAM    000053
_set_time                           text2        000C56
_speed                              bssBANK0     0000B4
_star_flag                          dataBANK0    000082
_store_event                        text34       001FE2
_time                               dataBANK0    000097
_total_index                        bssCOMRAM    000058
_validate_password                  text32       002154
_view_event                         bssBANK0     0000B6
_view_flag                          bssBANK0     0000AC
_view_log                           text1        001678
_wait                               bssCOMRAM    00004D
_wait1                              bssCOMRAM    000045
_wait2                              bssCOMRAM    000056
_write_ds1307                       text11       002806
_write_external_eeprom              text35       0026BC
btemp                               temp         00005D
car_menu@key                        cstackCOMRAM 000010
change_password@i                   cstackCOMRAM 00000C
change_password@key                 cstackCOMRAM 00000E
clcd_print@addr                     cstackCOMRAM 000005
clcd_print@data                     cstackCOMRAM 000003
clcd_putch@addr                     cstackCOMRAM 000008
clcd_putch@data                     cstackCOMRAM 000009
clcd_write@byte                     cstackCOMRAM 000002
clcd_write@control_bit              cstackCOMRAM 000001
display_dashboard@key               cstackCOMRAM 000011
display_speed@speed                 cstackCOMRAM 000008
download_log@i                      cstackCOMRAM 00000D
download_log@i_287                  cstackCOMRAM 00000F
end_of_initialization               cinit        00247A
gear_monitor@key                    cstackCOMRAM 000010
i2c_write@data                      cstackCOMRAM 000001
init_ds1307@dummy                   cstackCOMRAM 000004
int$flags                           temp         00005D
int_func                            intcode_body 00262E
intlevel0                           text         000000
intlevel1                           text         000000
intlevel2                           text         000000
intlevel3                           text         000000
isa$std                             (abs)        000001
isa$xinst                           (abs)        000000
main@i                              cstackCOMRAM 00003C
main@i_144                          cstackCOMRAM 00003E
main@i_149                          cstackCOMRAM 000040
main@key                            cstackCOMRAM 000042
putch@data                          cstackCOMRAM 000001
puts@data                           cstackCOMRAM 000002
read_adc@channel                    cstackCOMRAM 000008
read_ds1307@address                 cstackCOMRAM 000002
read_ds1307@data                    cstackCOMRAM 000003
read_external_eeprom@address        cstackCOMRAM 000002
read_external_eeprom@data           cstackCOMRAM 000003
read_password@key                   cstackCOMRAM 00000C
read_switches@detection             cstackCOMRAM 000001
read_switches@key                   cstackCOMRAM 000002
read_switches@once                  dataCOMRAM   00005B
set_time@ch                         cstackCOMRAM 000008
set_time@key                        cstackCOMRAM 000009
stackhi                             (abs)        000000
stacklo                             (abs)        000000
start                               init         00000E
start_initialization                cinit        00242A
store_event@address                 cstackCOMRAM 00000A
store_event@event                   cstackCOMRAM 000006
store_event@ind                     cstackCOMRAM 00000C
ttemp5                              temp         00005E
ttemp6                              temp         000061
ttemp7                              temp         000065
validate_password@enter_password    cstackCOMRAM 000003
validate_password@ind_compare       cstackCOMRAM 000008
validate_password@original_password cstackCOMRAM 000001
view_log@i                          cstackCOMRAM 00000C
view_log@key                        cstackCOMRAM 00000E
write_ds1307@address                cstackCOMRAM 000003
write_ds1307@data                   cstackCOMRAM 000002
write_external_eeprom@address       cstackCOMRAM 000005
write_external_eeprom@data          cstackCOMRAM 000002
write_external_eeprom@i             cstackCOMRAM 000003
wtemp8                              temp         00005E


MODULE INFORMATION

Module		Function		Class		Link	Load	Size
car_black_box.c
		_view_log      		CODE           	1678	0000	664
		_display_speed 		CODE           	273A	0000	62
		_change_password		CODE           	0012	0000	1196
		_display_dashboard		CODE           	24E6	0000	94
		_car_menu      		CODE           	04BE	0000	992
		_get_time      		CODE           	21F2	0000	130
		_gear_monitor  		CODE           	1AC4	0000	402
		_download_log  		CODE           	1C56	0000	382
		_set_time      		CODE           	0C56	0000	938
		_clear_log     		CODE           	2544	0000	90
		_validate_password		CODE           	2154	0000	158
		_store_event   		CODE           	1FE2	0000	194
		_read_password 		CODE           	139A	0000	734

car_black_box.c estimated size: 6036

C:\Program Files\Microchip\xc8\v2.41\pic\sources\c99\common\fltol.c
		___fltol       		CODE           	1EDC	0000	262

C:\Program Files\Microchip\xc8\v2.41\pic\sources\c99\common\fltol.c estimated size: 262

uart.c
		_putch         		CODE           	2886	0000	22
		_init_uart     		CODE           	26FC	0000	62
		_puts          		CODE           	2488	0000	94

uart.c estimated size: 178

C:\Program Files\Microchip\xc8\v2.41\pic\sources\c99\common\xxtofl.c
		___xxtofl      		CODE           	1910	0000	436

C:\Program Files\Microchip\xc8\v2.41\pic\sources\c99\common\xxtofl.c estimated size: 436

i2c.c
		_i2c_start     		CODE           	28E6	0000	8
		_i2c_no_ack    		CODE           	28EE	0000	6
		_i2c_rep_start 		CODE           	28CE	0000	8
		_i2c_idle      		CODE           	289C	0000	18
		_i2c_write     		CODE           	28BA	0000	12
		_i2c_stop      		CODE           	28DE	0000	8
		_i2c_read      		CODE           	28AE	0000	12
		_init_i2c      		CODE           	2870	0000	22
		_i2c_rx_mode   		CODE           	28D6	0000	8

i2c.c estimated size: 102

C:\Program Files\Microchip\xc8\v2.41\pic\sources\c99\common\lwdiv.c
		___lwdiv       		CODE           	2274	0000	116

C:\Program Files\Microchip\xc8\v2.41\pic\sources\c99\common\lwdiv.c estimated size: 116

ds1307.c
		_read_ds1307   		CODE           	27B2	0000	42
		_write_ds1307  		CODE           	2806	0000	30
		_init_ds1307   		CODE           	25E6	0000	72

ds1307.c estimated size: 144

adc.c
		_init_adc      		CODE           	2824	0000	30
		_read_adc      		CODE           	259E	0000	72

adc.c estimated size: 102

mkp.c
		_init_matrix_keypad		CODE           	28C6	0000	8
		_read_switches 		CODE           	22E8	0000	114
		_scan_key      		CODE           	1DD4	0000	264

mkp.c estimated size: 386

isr.c
		_isr           		CODE           	0008	0000	78

isr.c estimated size: 78

shared
		__initialization		CODE           	242A	0000	80

shared estimated size: 80

clcd.c
		_clcd_write    		CODE           	2778	0000	58
		_clcd_print    		CODE           	235A	0000	108
		_clcd_putch    		CODE           	2842	0000	24
		_init_clcd     		CODE           	20A4	0000	176

clcd.c estimated size: 366

ext_eeprom.c
		_write_external_eeprom		CODE           	26BC	0000	64
		_read_external_eeprom		CODE           	27DC	0000	42

ext_eeprom.c estimated size: 106

main.c
		_main          		CODE           	089E	0000	952
		_init_config   		CODE           	285A	0000	22

main.c estimated size: 974

C:\Program Files\Microchip\xc8\v2.41\pic\sources\c99\common\sprcdiv.c
		___fldiv       		CODE           	1000	0000	922

C:\Program Files\Microchip\xc8\v2.41\pic\sources\c99\common\sprcdiv.c estimated size: 922

C:\Program Files\Microchip\xc8\v2.41\pic\sources\c99\common\lwmod.c
		___lwmod       		CODE           	23C6	0000	100

C:\Program Files\Microchip\xc8\v2.41\pic\sources\c99\common\lwmod.c estimated size: 100

