Microchip MPLAB XC8 Compiler V2.41

Linker command line:

-W-3 \
  --edf=C:\Program Files\Microchip\xc8\v2.41\pic\dat\20230208172133_en.msgs \
  -cn -h+dist/default/production\car_back_box.X.production.sym \
  --cmf=dist/default/production\car_back_box.X.production.cmf -z -Q18F4580 \
  -oC:\Users\santh\AppData\Local\Temp\xcAser4.\driver_tmp_3.o \
  --defsym=__MPLAB_BUILD=1 --fixupoverflow=error \
  -Mdist/default/production/car_back_box.X.production.map \
  --md=C:\Users\santh\AppData\Local\Temp\xcAser4.\driver_tmp_0.dat -E1 \
  -ver=XC8 Compiler --acfsm=1493 -ACODE=00h-03000h -ACONST=00h-03000h \
  -ASMALLCONST=0600h-06FFhx42,03000h-03000h -AMEDIUMCONST=0600h-03000h \
  -ACOMRAM=01h-05Fh -AABS1=00h-05FFh -ABIGRAM=01h-05FFh \
  -ARAM=060h-0FFh,0100h-01FFhx5 -ABANK0=060h-0FFh -ABANK1=0100h-01FFh \
  -ABANK2=0200h-02FFh -ABANK3=0300h-03FFh -ABANK4=0400h-04FFh \
  -ABANK5=0500h-05FFh -ASFR=0D00h-0DFFhx2,0F00h-0F5Fh,0F60h-0FFFh \
  -ABIGSFR=0D00h-0FFFh -ACONFIG=0300000h-030000Dh -AIDLOC=0200000h-0200007h \
  -AEEDATA=0F00000h-0F000FFh -peeprom_data=EEDATA \
  -preset_vec=00h,intcode=08h,intcodelo,powerup,init -pramtop=0600h \
  -psmallconst=SMALLCONST -pmediumconst=MEDIUMCONST -pconst=CONST \
  -AFARRAM=00h-00h \
  -prdata=COMRAM,nvrram=COMRAM,nvbit=COMRAM,rbss=COMRAM,rbit=COMRAM \
  -pfarbss=FARRAM,fardata=FARRAM,nvFARRAM=FARRAM \
  -pintsave_regs=BIGRAM,bigbss=BIGRAM,bigdata=BIGRAM -pbss=RAM \
  -pidata=CODE,irdata=CODE,ibigdata=CODE,ifardata=CODE -prparam=COMRAM \
  C:\Users\santh\AppData\Local\Temp\xcAser4.\driver_tmp_9.o \
  dist/default/production\car_back_box.X.production.o 

Object code version is 3.11

Machine type is 18F4580



                Name                               Link     Load   Length Selector   Space Scale
C:\Users\santh\AppData\Local\Temp\xcAser4.\driver_tmp_9.o
                idloc                            200000   200000        8        0       5
                config                           300000   300000        E        0       4
                init                                  E        E        4        4       0
                reset_vec                             0        0        4        0       0
dist/default/production\car_back_box.X.production.o
                intcode                               8        8        6        4       0
                idloc                            200000   200000        8        0       5
                config                           300000   300000        E        0       4
                temp                                 5C       5C        1        1       1
                mediumconst                        2ECC     2ECC      134     1766       0
                intcode_body                       12E4     12E4       46        4       0
                text22                             13B0     13B0       3A        4       0
                text21                             132A     132A       44        4       0
                text20                             1442     1442       18      A05       0
                text19                              70A      70A      332        4       0
                text18                               12       12      39A        4       0
                text17                              E04      E04      106        4       0
                text16                              A3C      A3C      1B4        4       0
                text15                             10F2     10F2       74        4       0
                text14                             11D8     11D8       64        4       0
                text13                             136E     136E       42        4       0
                text12                             146C     146C       12      A05       0
                text11                              BF0      BF0      10C        4       0
                text10                             129C     129C       48        4       0
                text9                              1070     1070       82        4       0
                text8                              140A     140A       1E      A05       0
                text7                               FC0      FC0       B0        4       0
                text6                              1486     1486        8      A05       0
                text5                              1428     1428       1A      A05       0
                text4                              145A     145A       12      A05       0
                text3                               3AC      3AC      35E        4       0
                text2                               CFC      CFC      108        4       0
                text1                              1166     1166       72        4       0
                text0                               F0A      F0A       B6        4       0
                cstackCOMRAM                          1        1       3B        1       1
                dataBANK0                            60       60       1F       60       1
                bssBANK0                             7F       7F        2       60       1
                dataCOMRAM                           54       54        8        1       1
                bssCOMRAM                            3C       3C       18        1       1
                cinit                              123C     123C       60        4       0
                idataBANK0                         13EA     13EA       1F        4       0
                idataCOMRAM                        147E     147E        8      A05       0

TOTAL           Name                               Link     Load   Length     Space
        CLASS   CODE           
                intcode                               8        8        6         0
                init                                  E        E        4         0
                reset_vec                             0        0        4         0
                intcode_body                       12E4     12E4       46         0
                text22                             13B0     13B0       3A         0
                text21                             132A     132A       44         0
                text20                             1442     1442       18         0
                text19                              70A      70A      332         0
                text18                               12       12      39A         0
                text17                              E04      E04      106         0
                text16                              A3C      A3C      1B4         0
                text15                             10F2     10F2       74         0
                text14                             11D8     11D8       64         0
                text13                             136E     136E       42         0
                text12                             146C     146C       12         0
                text11                              BF0      BF0      10C         0
                text10                             129C     129C       48         0
                text9                              1070     1070       82         0
                text8                              140A     140A       1E         0
                text7                               FC0      FC0       B0         0
                text6                              1486     1486        8         0
                text5                              1428     1428       1A         0
                text4                              145A     145A       12         0
                text3                               3AC      3AC      35E         0
                text2                               CFC      CFC      108         0
                text1                              1166     1166       72         0
                text0                               F0A      F0A       B6         0
                cinit                              123C     123C       60         0
                idataBANK0                         13EA     13EA       1F         0
                idataCOMRAM                        147E     147E        8         0

        CLASS   CONST          

        CLASS   SMALLCONST     

        CLASS   MEDIUMCONST    
                mediumconst                        2ECC     2ECC      134         0

        CLASS   COMRAM         
                temp                                 5C       5C        1         1
                cstackCOMRAM                          1        1       3B         1
                dataCOMRAM                           54       54        8         1
                bssCOMRAM                            3C       3C       18         1

        CLASS   ABS1           

        CLASS   BIGRAM         

        CLASS   RAM            

        CLASS   BANK0          
                dataBANK0                            60       60       1F         1
                bssBANK0                             7F       7F        2         1

        CLASS   BANK1          

        CLASS   BANK2          

        CLASS   BANK3          

        CLASS   BANK4          

        CLASS   BANK5          

        CLASS   SFR            

        CLASS   BIGSFR         

        CLASS   CONFIG         
                config                           300000   300000        E         4

        CLASS   IDLOC          
                idloc                            200000   200000        8         5

        CLASS   EEDATA         

        CLASS   FARRAM         

        CLASS   HEAP           

        CLASS   STACK          



SEGMENTS        Name                           Load    Length   Top    Selector   Space  Class

                reset_vec                      000000  000004  000004         0       0  CODE    
                cstackCOMRAM                   000001  00005C  00005D         1       1  COMRAM  
                intcode                        000008  001401  001409         4       0  CODE    
                dataBANK0                      000060  000021  000081        60       1  BANK0   
                text8                          00140A  000084  00148E       A05       0  CODE    
                mediumconst                    002ECC  000134  003000      1766       0  MEDIUMCO


UNUSED ADDRESS RANGES

        Name                Unused          Largest block    Delta
        BANK0            000081-0000FF               7F
        BANK1            000100-0001FF              100
        BANK2            000200-0002FF              100
        BANK3            000300-0003FF              100
        BANK4            000400-0004FF              100
        BANK5            000500-0005FF              100
        BIGRAM           00005D-00005F                3
                         000081-0005FF              57F
        BIGSFR           000D00-000FFF              300
        CODE             000004-000007                4
                         001409-001409                1
                         00148E-002ECB             1A3E
                         003000-003000                1
        COMRAM           00005D-00005F                3
        CONST            000004-000007                4
                         001409-001409                1
                         00148E-002ECB             1A3E
                         003000-003000                1
        EEDATA           F00000-F000FF              100
        MEDIUMCONST      001409-001409                1
                         00148E-002ECB             1A3E
                         003000-003000                1
        RAM              000081-0005FF              100
        SFR              000D00-000FFF              100
        SMALLCONST       001409-001409                1
                         00148E-002ECB              100
                         003000-003000                1

                                  Symbol Table

?___fldiv                   cstackCOMRAM 000017
?___fltol                   cstackCOMRAM 000030
?___lwdiv                   cstackCOMRAM 000001
?___lwmod                   cstackCOMRAM 000001
?___xxtofl                  cstackCOMRAM 000009
?_read_adc                  cstackCOMRAM 000001
_ACQT0                      (abs)        007E03
_ACQT1                      (abs)        007E04
_ACQT2                      (abs)        007E05
_ADCON0                     (abs)        000FC2
_ADCS0                      (abs)        007E00
_ADCS1                      (abs)        007E01
_ADCS2                      (abs)        007E02
_ADFM                       (abs)        007E07
_ADON                       (abs)        007E10
_ADRESH                     (abs)        000FC4
_ADRESL                     (abs)        000FC3
_GIE                        (abs)        007F97
_GO                         (abs)        007E11
_PCFG0                      (abs)        007E08
_PCFG1                      (abs)        007E09
_PCFG2                      (abs)        007E0A
_PCFG3                      (abs)        007E0B
_PEIE                       (abs)        007F96
_PORTD                      (abs)        000F83
_PSA                        (abs)        007EAB
_RB1                        (abs)        007C09
_RB2                        (abs)        007C0A
_RB3                        (abs)        007C0B
_RB4                        (abs)        007C0C
_RB5                        (abs)        007C0D
_RB6                        (abs)        007C0E
_RB7                        (abs)        007C0F
_RBPU                       (abs)        007F8F
_RC0                        (abs)        007C10
_RC1                        (abs)        007C11
_RC2                        (abs)        007C12
_RD7                        (abs)        007C1F
_T08BIT                     (abs)        007EAE
_T0CS                       (abs)        007EAD
_TMR0                       (abs)        000FD6
_TMR0IE                     (abs)        007F95
_TMR0IF                     (abs)        007F92
_TMR0ON                     (abs)        007EAF
_TRISB                      (abs)        000F93
_TRISC                      (abs)        000F94
_TRISD                      (abs)        000F95
_TRISD7                     (abs)        007CAF
_VCFG0                      (abs)        007E0C
_VCFG1                      (abs)        007E0D
__HRAM                      (abs)        000000
__H__absolute__             __absolute__ 000000
__Habs1                     abs1         000000
__Hbank0                    bank0        000000
__Hbank1                    bank1        000000
__Hbank2                    bank2        000000
__Hbank3                    bank3        000000
__Hbank4                    bank4        000000
__Hbank5                    bank5        000000
__Hbigbss                   bigbss       000000
__Hbigdata                  bigdata      000000
__Hbigram                   bigram       000000
__Hbigsfr                   bigsfr       000000
__Hbss                      bss          000000
__HbssBANK0                 bssBANK0     000000
__HbssCOMRAM                bssCOMRAM    000000
__Hcinit                    cinit        000000
__Hclrtext                  clrtext      000000
__Hcomram                   comram       000000
__Hconfig                   config       30000E
__Hconst                    const        000000
__HcstackCOMRAM             cstackCOMRAM 000000
__Hdata                     data         000000
__HdataBANK0                dataBANK0    000000
__HdataCOMRAM               dataCOMRAM   000000
__Heeprom_data              eeprom_data  000000
__Hfarbss                   farbss       000000
__Hfardata                  fardata      000000
__Hheap                     heap         000000
__Hibigdata                 ibigdata     000000
__Hidata                    idata        000000
__HidataBANK0               idataBANK0   000000
__HidataCOMRAM              idataCOMRAM  000000
__Hidloc                    idloc        200008
__Hifardata                 ifardata     000000
__Hinit                     init         000012
__Hintcode                  intcode      00000E
__Hintcode_body             intcode_body 000000
__Hintcodelo                intcodelo    00000E
__Hintentry                 intentry     000000
__Hintret                   intret       000000
__Hintsave_regs             intsave_regs 000000
__Hirdata                   irdata       000000
__Hmediumconst              mediumconst  003000
__HnvFARRAM                 nvFARRAM     000000
__Hnvbit                    nvbit        000000
__Hnvrram                   nvrram       000000
__Hparam                    rparam       000000
__Hpowerup                  powerup      00000E
__Hram                      ram          000000
__Hramtop                   ramtop       000600
__Hrbit                     rbit         000000
__Hrbss                     rbss         000000
__Hrdata                    rdata        000000
__Hreset_vec                reset_vec    000004
__Hrparam                   rparam       000000
__Hsfr                      sfr          000000
__Hsmallconst               smallconst   000000
__Hspace_0                  (abs)        003000
__Hspace_1                  (abs)        000081
__Hspace_2                  (abs)        000000
__Hspace_4                  (abs)        60000E
__Hstack                    stack        000000
__Hstruct                   struct       000000
__Htemp                     temp         00005D
__Htext                     text         000000
__Htext0                    text0        000000
__Htext1                    text1        000000
__Htext10                   text10       000000
__Htext11                   text11       000000
__Htext12                   text12       000000
__Htext13                   text13       000000
__Htext14                   text14       000000
__Htext15                   text15       000000
__Htext16                   text16       000000
__Htext17                   text17       000000
__Htext18                   text18       000000
__Htext19                   text19       000000
__Htext2                    text2        000000
__Htext20                   text20       000000
__Htext21                   text21       000000
__Htext22                   text22       000000
__Htext3                    text3        000000
__Htext4                    text4        000000
__Htext5                    text5        000000
__Htext6                    text6        000000
__Htext7                    text7        000000
__Htext8                    text8        000000
__Htext9                    text9        000000
__LRAM                      (abs)        000001
__L__absolute__             __absolute__ 000000
__Labs1                     abs1         000000
__Lbank0                    bank0        000000
__Lbank1                    bank1        000000
__Lbank2                    bank2        000000
__Lbank3                    bank3        000000
__Lbank4                    bank4        000000
__Lbank5                    bank5        000000
__Lbigbss                   bigbss       000000
__Lbigdata                  bigdata      000000
__Lbigram                   bigram       000000
__Lbigsfr                   bigsfr       000000
__Lbss                      bss          000000
__LbssBANK0                 bssBANK0     000000
__LbssCOMRAM                bssCOMRAM    000000
__Lcinit                    cinit        000000
__Lclrtext                  clrtext      000000
__Lcomram                   comram       000000
__Lconfig                   config       000000
__Lconst                    const        000000
__LcstackCOMRAM             cstackCOMRAM 000000
__Ldata                     data         000000
__LdataBANK0                dataBANK0    000000
__LdataCOMRAM               dataCOMRAM   000000
__Leeprom_data              eeprom_data  000000
__Lfarbss                   farbss       000000
__Lfardata                  fardata      000000
__Lheap                     heap         000000
__Libigdata                 ibigdata     000000
__Lidata                    idata        000000
__LidataBANK0               idataBANK0   000000
__LidataCOMRAM              idataCOMRAM  000000
__Lidloc                    idloc        000000
__Lifardata                 ifardata     000000
__Linit                     init         00000E
__Lintcode                  intcode      000008
__Lintcode_body             intcode_body 000000
__Lintcodelo                intcodelo    00000E
__Lintentry                 intentry     000000
__Lintret                   intret       000000
__Lintsave_regs             intsave_regs 000000
__Lirdata                   irdata       000000
__Lmediumconst              mediumconst  002ECC
__LnvFARRAM                 nvFARRAM     000000
__Lnvbit                    nvbit        000000
__Lnvrram                   nvrram       000000
__Lparam                    rparam       000000
__Lpowerup                  powerup      00000E
__Lram                      ram          000000
__Lramtop                   ramtop       000600
__Lrbit                     rbit         000000
__Lrbss                     rbss         000000
__Lrdata                    rdata        000000
__Lreset_vec                reset_vec    000000
__Lrparam                   rparam       000000
__Lsfr                      sfr          000000
__Lsmallconst               smallconst   000000
__Lspace_0                  (abs)        000000
__Lspace_1                  (abs)        000000
__Lspace_2                  (abs)        000000
__Lspace_4                  (abs)        000000
__Lstack                    stack        000000
__Lstruct                   struct       000000
__Ltemp                     temp         00005C
__Ltext                     text         000000
__Ltext0                    text0        000000
__Ltext1                    text1        000000
__Ltext10                   text10       000000
__Ltext11                   text11       000000
__Ltext12                   text12       000000
__Ltext13                   text13       000000
__Ltext14                   text14       000000
__Ltext15                   text15       000000
__Ltext16                   text16       000000
__Ltext17                   text17       000000
__Ltext18                   text18       000000
__Ltext19                   text19       000000
__Ltext2                    text2        000000
__Ltext20                   text20       000000
__Ltext21                   text21       000000
__Ltext22                   text22       000000
__Ltext3                    text3        000000
__Ltext4                    text4        000000
__Ltext5                    text5        000000
__Ltext6                    text6        000000
__Ltext7                    text7        000000
__Ltext8                    text8        000000
__Ltext9                    text9        000000
__S0                        (abs)        003000
__S1                        (abs)        000081
__S4                        (abs)        000000
__S5                        (abs)        000000
___fldiv                    text18       000012
___fldiv@a                  cstackCOMRAM 00001B
___fldiv@aexp               cstackCOMRAM 00002F
___fldiv@b                  cstackCOMRAM 000017
___fldiv@bexp               cstackCOMRAM 00002E
___fldiv@grs                cstackCOMRAM 00002A
___fldiv@new_exp            cstackCOMRAM 000028
___fldiv@rem                cstackCOMRAM 000023
___fldiv@sign               cstackCOMRAM 000027
___fltol                    text17       000E04
___fltol@exp1               cstackCOMRAM 000039
___fltol@f1                 cstackCOMRAM 000030
___fltol@sign1              cstackCOMRAM 000038
___heap_hi                  (abs)        000000
___heap_lo                  (abs)        000000
___inthi_sp                 stack        000000
___intlo_sp                 stack        000000
___lwdiv                    text15       0010F2
___lwdiv@counter            cstackCOMRAM 000007
___lwdiv@dividend           cstackCOMRAM 000001
___lwdiv@divisor            cstackCOMRAM 000003
___lwdiv@quotient           cstackCOMRAM 000005
___lwmod                    text14       0011D8
___lwmod@counter            cstackCOMRAM 000005
___lwmod@dividend           cstackCOMRAM 000001
___lwmod@divisor            cstackCOMRAM 000003
___param_bank               (abs)        000000
___rparam_used              (abs)        000001
___sp                       stack        000000
___xxtofl                   text16       000A3C
___xxtofl@arg               cstackCOMRAM 000013
___xxtofl@exp               cstackCOMRAM 000012
___xxtofl@sign              cstackCOMRAM 000011
___xxtofl@val               cstackCOMRAM 000009
__accesstop                 (abs)        000060
__activetblptr              (abs)        000002
__end_of___fldiv            text18       0003AC
__end_of___fltol            text17       000F0A
__end_of___lwdiv            text15       001166
__end_of___lwmod            text14       00123C
__end_of___xxtofl           text16       000BF0
__end_of__initialization    cinit        00128E
__end_of_car_menu           text19       000A3C
__end_of_clcd_print         text21       00136E
__end_of_clcd_putch         text20       00145A
__end_of_clcd_write         text22       0013EA
__end_of_display_dashboard  text9        0010F2
__end_of_display_speed      text13       0013B0
__end_of_display_time       text12       00147E
__end_of_gear_monitor       text11       000CFC
__end_of_init_adc           text8        001428
__end_of_init_clcd          text7        001070
__end_of_init_config        text4        00146C
__end_of_init_matrix_keypad text6        00148E
__end_of_init_timer0        text5        001442
__end_of_isr                intcode_body 00132A
__end_of_main               text0        000FC0
__end_of_read_adc           text10       0012E4
__end_of_read_password      text3        00070A
__end_of_read_switches      text1        0011D8
__end_of_scan_key           text2        000E04
__initialization            cinit        00123C
__mediumconst               mediumconst  002ECC
__pbssBANK0                 bssBANK0     00007F
__pbssCOMRAM                bssCOMRAM    00003C
__pcinit                    cinit        00123C
__pcstackCOMRAM             cstackCOMRAM 000001
__pdataBANK0                dataBANK0    000060
__pdataCOMRAM               dataCOMRAM   000054
__pidataBANK0               idataBANK0   0013EA
__pidataCOMRAM              idataCOMRAM  00147E
__pintcode                  intcode      000008
__pintcode_body             intcode_body 0012E4
__pmediumconst              mediumconst  002ECC
__ptext0                    text0        000F0A
__ptext1                    text1        001166
__ptext10                   text10       00129C
__ptext11                   text11       000BF0
__ptext12                   text12       00146C
__ptext13                   text13       00136E
__ptext14                   text14       0011D8
__ptext15                   text15       0010F2
__ptext16                   text16       000A3C
__ptext17                   text17       000E04
__ptext18                   text18       000012
__ptext19                   text19       00070A
__ptext2                    text2        000CFC
__ptext20                   text20       001442
__ptext21                   text21       00132A
__ptext22                   text22       0013B0
__ptext3                    text3        0003AC
__ptext4                    text4        00145A
__ptext5                    text5        001428
__ptext6                    text6        001486
__ptext7                    text7        000FC0
__ptext8                    text8        00140A
__ptext9                    text9        001070
__ramtop                    ramtop       000600
__smallconst                smallconst   000000
_attempt                    dataCOMRAM   00005B
_car_menu                   text19       00070A
_clcd_print                 text21       00132A
_clcd_putch                 text20       001442
_clcd_write                 text22       0013B0
_count                      bssCOMRAM    00003C
_display_dashboard          text9        001070
_display_speed              text13       00136E
_display_time               text12       00146C
_enter_flag                 bssCOMRAM    000053
_enter_index                bssCOMRAM    000040
_enter_password             dataBANK0    00007A
_gear_data                  dataBANK0    000060
_gear_index                 bssCOMRAM    00004E
_gear_monitor               text11       000BF0
_index                      bssCOMRAM    00004A
_index_1                    bssCOMRAM    000042
_index_2                    dataCOMRAM   000056
_init_adc                   text8        00140A
_init_clcd                  text7        000FC0
_init_config                text4        00145A
_init_matrix_keypad         text6        001486
_init_timer0                text5        001428
_isr                        intcode      000008
_key                        bssBANK0     00007F
_main                       text0        000F0A
_menu                       dataBANK0    000070
_menu_flag                  bssCOMRAM    000046
_original_password          dataCOMRAM   000058
_pass_key                   bssCOMRAM    000052
_previous_key               bssCOMRAM    000044
_read_adc                   text10       00129C
_read_password              text3        0003AC
_read_switches              text1        001166
_scan_key                   text2        000CFC
_sec                        bssCOMRAM    000050
_speed                      bssCOMRAM    00004C
_star_flag                  dataCOMRAM   000054
_wait                       bssCOMRAM    000048
_wait1                      bssCOMRAM    00003E
btemp                       temp         00005C
car_menu@key                cstackCOMRAM 00000C
clcd_print@addr             cstackCOMRAM 000005
clcd_print@data             cstackCOMRAM 000003
clcd_putch@addr             cstackCOMRAM 000008
clcd_putch@data             cstackCOMRAM 000009
clcd_write@byte             cstackCOMRAM 000002
clcd_write@control_bit      cstackCOMRAM 000001
display_dashboard@key       cstackCOMRAM 00003A
display_speed@speed         cstackCOMRAM 00000A
end_of_initialization       cinit        00128E
gear_monitor@key            cstackCOMRAM 000006
int$flags                   temp         00005C
int_func                    intcode_body 0012E4
intlevel0                   text         000000
intlevel1                   text         000000
intlevel2                   text         000000
intlevel3                   text         000000
isa$std                     (abs)        000001
isa$xinst                   (abs)        000000
main@key                    cstackCOMRAM 00003B
read_adc@channel            cstackCOMRAM 000008
read_password@count         cstackCOMRAM 00000C
read_password@ind_compare   cstackCOMRAM 00000F
read_password@key           cstackCOMRAM 00000E
read_switches@detection     cstackCOMRAM 000001
read_switches@key           cstackCOMRAM 000002
read_switches@once          dataCOMRAM   00005A
stackhi                     (abs)        000000
stacklo                     (abs)        000000
start                       init         00000E
start_initialization        cinit        00123C
ttemp5                      temp         00005D
ttemp6                      temp         000060
ttemp7                      temp         000064
wtemp8                      temp         00005D


MODULE INFORMATION

Module		Function		Class		Link	Load	Size
car_black_box.c
		_display_time  		CODE           	146C	0000	18
		_display_speed 		CODE           	136E	0000	66
		_display_dashboard		CODE           	1070	0000	130
		_car_menu      		CODE           	070A	0000	818
		_gear_monitor  		CODE           	0BF0	0000	268
		_read_password 		CODE           	03AC	0000	862

car_black_box.c estimated size: 2162

C:\Program Files\Microchip\xc8\v2.41\pic\sources\c99\common\fltol.c
		___fltol       		CODE           	0E04	0000	262

C:\Program Files\Microchip\xc8\v2.41\pic\sources\c99\common\fltol.c estimated size: 262

C:\Program Files\Microchip\xc8\v2.41\pic\sources\c99\common\xxtofl.c
		___xxtofl      		CODE           	0A3C	0000	436

C:\Program Files\Microchip\xc8\v2.41\pic\sources\c99\common\xxtofl.c estimated size: 436

C:\Program Files\Microchip\xc8\v2.41\pic\sources\c99\common\lwdiv.c
		___lwdiv       		CODE           	10F2	0000	116

C:\Program Files\Microchip\xc8\v2.41\pic\sources\c99\common\lwdiv.c estimated size: 116

timer0.c
		_init_timer0   		CODE           	1428	0000	26

timer0.c estimated size: 26

adc.c
		_init_adc      		CODE           	140A	0000	30
		_read_adc      		CODE           	129C	0000	72

adc.c estimated size: 102

mkp.c
		_init_matrix_keypad		CODE           	1486	0000	8
		_read_switches 		CODE           	1166	0000	114
		_scan_key      		CODE           	0CFC	0000	264

mkp.c estimated size: 386

isr.c
		_isr           		CODE           	0008	0000	76

isr.c estimated size: 76

shared
		__initialization		CODE           	123C	0000	82

shared estimated size: 82

clcd.c
		_clcd_write    		CODE           	13B0	0000	58
		_clcd_print    		CODE           	132A	0000	68
		_clcd_putch    		CODE           	1442	0000	24
		_init_clcd     		CODE           	0FC0	0000	176

clcd.c estimated size: 326

main.c
		_main          		CODE           	0F0A	0000	182
		_init_config   		CODE           	145A	0000	18

main.c estimated size: 200

C:\Program Files\Microchip\xc8\v2.41\pic\sources\c99\common\sprcdiv.c
		___fldiv       		CODE           	0012	0000	922

C:\Program Files\Microchip\xc8\v2.41\pic\sources\c99\common\sprcdiv.c estimated size: 922

C:\Program Files\Microchip\xc8\v2.41\pic\sources\c99\common\lwmod.c
		___lwmod       		CODE           	11D8	0000	100

C:\Program Files\Microchip\xc8\v2.41\pic\sources\c99\common\lwmod.c estimated size: 100

