Microchip MPLAB XC8 Compiler V2.41

Linker command line:

-W-3 \
  --edf=C:\Program Files\Microchip\xc8\v2.41\pic\dat\20230208172133_en.msgs \
  -cn -h+dist/default/production\car_back_box.X.production.sym \
  --cmf=dist/default/production\car_back_box.X.production.cmf -z -Q18F4580 \
  -oC:\Users\santh\AppData\Local\Temp\xcAsde4.\driver_tmp_3.o \
  --defsym=__MPLAB_BUILD=1 --fixupoverflow=error \
  -Mdist/default/production/car_back_box.X.production.map \
  --md=C:\Users\santh\AppData\Local\Temp\xcAsde4.\driver_tmp_0.dat -E1 \
  -ver=XC8 Compiler --acfsm=1493 -ACODE=00h-03000h -ACONST=00h-03000h \
  -ASMALLCONST=0600h-06FFhx42,03000h-03000h -AMEDIUMCONST=0600h-03000h \
  -ACOMRAM=01h-05Fh -AABS1=00h-05FFh -ABIGRAM=01h-05FFh \
  -ARAM=060h-0FFh,0100h-01FFhx5 -ABANK0=060h-0FFh -ABANK1=0100h-01FFh \
  -ABANK2=0200h-02FFh -ABANK3=0300h-03FFh -ABANK4=0400h-04FFh \
  -ABANK5=0500h-05FFh -ASFR=0D00h-0DFFhx2,0F00h-0F5Fh,0F60h-0FFFh \
  -ABIGSFR=0D00h-0FFFh -ACONFIG=0300000h-030000Dh -AIDLOC=0200000h-0200007h \
  -AEEDATA=0F00000h-0F000FFh -peeprom_data=EEDATA \
  -preset_vec=00h,intcode=08h,intcodelo,powerup,init -pramtop=0600h \
  -psmallconst=SMALLCONST -pmediumconst=MEDIUMCONST -pconst=CONST \
  -AFARRAM=00h-00h \
  -prdata=COMRAM,nvrram=COMRAM,nvbit=COMRAM,rbss=COMRAM,rbit=COMRAM \
  -pfarbss=FARRAM,fardata=FARRAM,nvFARRAM=FARRAM \
  -pintsave_regs=BIGRAM,bigbss=BIGRAM,bigdata=BIGRAM -pbss=RAM \
  -pidata=CODE,irdata=CODE,ibigdata=CODE,ifardata=CODE -prparam=COMRAM \
  C:\Users\santh\AppData\Local\Temp\xcAsde4.\driver_tmp_9.o \
  dist/default/production\car_back_box.X.production.o 

Object code version is 3.11

Machine type is 18F4580



                Name                               Link     Load   Length Selector   Space Scale
C:\Users\santh\AppData\Local\Temp\xcAsde4.\driver_tmp_9.o
                idloc                            200000   200000        8        0       5
                config                           300000   300000        E        0       4
                init                                  E        E        4        4       0
                reset_vec                             0        0        4        0       0
dist/default/production\car_back_box.X.production.o
                intcode                               8        8        6        4       0
                idloc                            200000   200000        8        0       5
                config                           300000   300000        E        0       4
                temp                                 5D       5D        1        1       1
                mediumconst                        2E2C     2E2C      1D4     1716       0
                intcode_body                       1EFA     1EFA       48        4       0
                text41                              488      488      39A        4       0
                text40                             17FE     17FE      106        4       0
                text39                             13B0     13B0      1B4        4       0
                text38                             1FC0     1FC0       3A        4       0
                text37                             1C7C     1C7C       6C        4       0
                text36                             20F2     20F2       18     1017       0
                text35                             2120     2120       12     1017       0
                text34                             216A     216A        8     1017       0
                text33                             2162     2162        8     1017       0
                text32                             213E     213E        C     1017       0
                text31                             1F42     1F42       40        4       0
                text30                             1904     1904       C2        4       0
                text29                              822      822      378        4       0
                text28                             1A76     1A76       9E        4       0
                text27                               12       12      476        4       0
                text26                             1E10     1E10       5A        4       0
                text25                             1564     1564      192        4       0
                text24                             1DB2     1DB2       5E        4       0
                text23                             1B96     1B96       74        4       0
                text22                             1D4E     1D4E       64        4       0
                text21                             1F82     1F82       3E        4       0
                text20                             2178     2178        6     1017       0
                text19                             215A     215A        8     1017       0
                text18                             2132     2132        C     1017       0
                text17                             2152     2152        8     1017       0
                text16                             2058     2058       2A     1017       0
                text15                             1B14     1B14       82        4       0
                text14                             20A0     20A0       1E     1017       0
                text13                             19C6     19C6       B0        4       0
                text12                             2082     2082       1E     1017       0
                text11                             1EB2     1EB2       48        4       0
                text10                             210A     210A       16     1017       0
                text9                              214A     214A        8     1017       0
                text8                              20D8     20D8       1A     1017       0
                text7                              20BE     20BE       1A     1017       0
                text6                              1E6A     1E6A       48        4       0
                text5                               B9A      B9A      2DE        4       0
                text4                              16F6     16F6      108        4       0
                text3                              1C0A     1C0A       72        4       0
                text2                              202E     202E       2A     1017       0
                text1                              1146     1146      26A        4       0
                text0                               E78      E78      2CE        4       0
                cstackCOMRAM                          1        1       3E        1       1
                dataBANK0                            60       60       33       60       1
                bssBANK0                             93       93       2E       60       1
                dataCOMRAM                           57       57        6        1       1
                bssCOMRAM                            3F       3F       18        1       1
                cinit                              1CE8     1CE8       66        4       0
                idataBANK0                         1FFA     1FFA       33        4       0
                idataCOMRAM                        2172     2172        6     1017       0

TOTAL           Name                               Link     Load   Length     Space
        CLASS   CODE           
                intcode                               8        8        6         0
                init                                  E        E        4         0
                reset_vec                             0        0        4         0
                intcode_body                       1EFA     1EFA       48         0
                text41                              488      488      39A         0
                text40                             17FE     17FE      106         0
                text39                             13B0     13B0      1B4         0
                text38                             1FC0     1FC0       3A         0
                text37                             1C7C     1C7C       6C         0
                text36                             20F2     20F2       18         0
                text35                             2120     2120       12         0
                text34                             216A     216A        8         0
                text33                             2162     2162        8         0
                text32                             213E     213E        C         0
                text31                             1F42     1F42       40         0
                text30                             1904     1904       C2         0
                text29                              822      822      378         0
                text28                             1A76     1A76       9E         0
                text27                               12       12      476         0
                text26                             1E10     1E10       5A         0
                text25                             1564     1564      192         0
                text24                             1DB2     1DB2       5E         0
                text23                             1B96     1B96       74         0
                text22                             1D4E     1D4E       64         0
                text21                             1F82     1F82       3E         0
                text20                             2178     2178        6         0
                text19                             215A     215A        8         0
                text18                             2132     2132        C         0
                text17                             2152     2152        8         0
                text16                             2058     2058       2A         0
                text15                             1B14     1B14       82         0
                text14                             20A0     20A0       1E         0
                text13                             19C6     19C6       B0         0
                text12                             2082     2082       1E         0
                text11                             1EB2     1EB2       48         0
                text10                             210A     210A       16         0
                text9                              214A     214A        8         0
                text8                              20D8     20D8       1A         0
                text7                              20BE     20BE       1A         0
                text6                              1E6A     1E6A       48         0
                text5                               B9A      B9A      2DE         0
                text4                              16F6     16F6      108         0
                text3                              1C0A     1C0A       72         0
                text2                              202E     202E       2A         0
                text1                              1146     1146      26A         0
                text0                               E78      E78      2CE         0
                cinit                              1CE8     1CE8       66         0
                idataBANK0                         1FFA     1FFA       33         0
                idataCOMRAM                        2172     2172        6         0

        CLASS   CONST          

        CLASS   SMALLCONST     

        CLASS   MEDIUMCONST    
                mediumconst                        2E2C     2E2C      1D4         0

        CLASS   COMRAM         
                temp                                 5D       5D        1         1
                cstackCOMRAM                          1        1       3E         1
                dataCOMRAM                           57       57        6         1
                bssCOMRAM                            3F       3F       18         1

        CLASS   ABS1           

        CLASS   BIGRAM         

        CLASS   RAM            

        CLASS   BANK0          
                dataBANK0                            60       60       33         1
                bssBANK0                             93       93       2E         1

        CLASS   BANK1          

        CLASS   BANK2          

        CLASS   BANK3          

        CLASS   BANK4          

        CLASS   BANK5          

        CLASS   SFR            

        CLASS   BIGSFR         

        CLASS   CONFIG         
                config                           300000   300000        E         4

        CLASS   IDLOC          
                idloc                            200000   200000        8         5

        CLASS   EEDATA         

        CLASS   FARRAM         

        CLASS   HEAP           

        CLASS   STACK          



SEGMENTS        Name                           Load    Length   Top    Selector   Space  Class

                reset_vec                      000000  000004  000004         0       0  CODE    
                cstackCOMRAM                   000001  00005D  00005E         1       1  COMRAM  
                intcode                        000008  002025  00202D         4       0  CODE    
                dataBANK0                      000060  000061  0000C1        60       1  BANK0   
                text2                          00202E  000150  00217E      1017       0  CODE    
                mediumconst                    002E2C  0001D4  003000      1716       0  MEDIUMCO


UNUSED ADDRESS RANGES

        Name                Unused          Largest block    Delta
        BANK0            0000C1-0000FF               3F
        BANK1            000100-0001FF              100
        BANK2            000200-0002FF              100
        BANK3            000300-0003FF              100
        BANK4            000400-0004FF              100
        BANK5            000500-0005FF              100
        BIGRAM           00005E-00005F                2
                         0000C1-0005FF              53F
        BIGSFR           000D00-000FFF              300
        CODE             000004-000007                4
                         00202D-00202D                1
                         00217E-002E2B              CAE
                         003000-003000                1
        COMRAM           00005E-00005F                2
        CONST            000004-000007                4
                         00202D-00202D                1
                         00217E-002E2B              CAE
                         003000-003000                1
        EEDATA           F00000-F000FF              100
        MEDIUMCONST      00202D-00202D                1
                         00217E-002E2B              CAE
                         003000-003000                1
        RAM              0000C1-0005FF              100
        SFR              000D00-000FFF              100
        SMALLCONST       00202D-00202D                1
                         00217E-002E2B              100
                         003000-003000                1

                                  Symbol Table

?___fldiv                           cstackCOMRAM 000017
?___fltol                           cstackCOMRAM 000030
?___lwdiv                           cstackCOMRAM 000001
?___lwmod                           cstackCOMRAM 000001
?___xxtofl                          cstackCOMRAM 000009
?_read_adc                          cstackCOMRAM 000001
?_validate_password                 cstackCOMRAM 000001
_ACKDT                              (abs)        007E2D
_ACKEN                              (abs)        007E2C
_ACKSTAT                            (abs)        007E2E
_ACQT0                              (abs)        007E03
_ACQT1                              (abs)        007E04
_ACQT2                              (abs)        007E05
_ADCON0                             (abs)        000FC2
_ADCS0                              (abs)        007E00
_ADCS1                              (abs)        007E01
_ADCS2                              (abs)        007E02
_ADFM                               (abs)        007E07
_ADON                               (abs)        007E10
_ADRESH                             (abs)        000FC4
_ADRESL                             (abs)        000FC3
_BCLIF                              (abs)        007D0B
_CKE                                (abs)        007E3E
_GIE                                (abs)        007F97
_GO                                 (abs)        007E11
_PCFG0                              (abs)        007E08
_PCFG1                              (abs)        007E09
_PCFG2                              (abs)        007E0A
_PCFG3                              (abs)        007E0B
_PEIE                               (abs)        007F96
_PEN                                (abs)        007E2A
_PORTD                              (abs)        000F83
_PSA                                (abs)        007EAB
_RB1                                (abs)        007C09
_RB2                                (abs)        007C0A
_RB3                                (abs)        007C0B
_RB4                                (abs)        007C0C
_RB5                                (abs)        007C0D
_RB6                                (abs)        007C0E
_RB7                                (abs)        007C0F
_RBPU                               (abs)        007F8F
_RC0                                (abs)        007C10
_RC1                                (abs)        007C11
_RC2                                (abs)        007C12
_RCEN                               (abs)        007E2B
_RD7                                (abs)        007C1F
_RSEN                               (abs)        007E29
_SEN                                (abs)        007E28
_SMP                                (abs)        007E3F
_SSPADD                             (abs)        000FC8
_SSPBUF                             (abs)        000FC9
_SSPCON1                            (abs)        000FC6
_SSPIF                              (abs)        007CF3
_T08BIT                             (abs)        007EAE
_T0CS                               (abs)        007EAD
_TMR0                               (abs)        000FD6
_TMR0IE                             (abs)        007F95
_TMR0IF                             (abs)        007F92
_TMR0ON                             (abs)        007EAF
_TRISB                              (abs)        000F93
_TRISC                              (abs)        000F94
_TRISC3                             (abs)        007CA3
_TRISC4                             (abs)        007CA4
_TRISD                              (abs)        000F95
_TRISD7                             (abs)        007CAF
_VCFG0                              (abs)        007E0C
_VCFG1                              (abs)        007E0D
__HRAM                              (abs)        000000
__H__absolute__                     __absolute__ 000000
__Habs1                             abs1         000000
__Hbank0                            bank0        000000
__Hbank1                            bank1        000000
__Hbank2                            bank2        000000
__Hbank3                            bank3        000000
__Hbank4                            bank4        000000
__Hbank5                            bank5        000000
__Hbigbss                           bigbss       000000
__Hbigdata                          bigdata      000000
__Hbigram                           bigram       000000
__Hbigsfr                           bigsfr       000000
__Hbss                              bss          000000
__HbssBANK0                         bssBANK0     000000
__HbssCOMRAM                        bssCOMRAM    000000
__Hcinit                            cinit        000000
__Hclrtext                          clrtext      000000
__Hcomram                           comram       000000
__Hconfig                           config       30000E
__Hconst                            const        000000
__HcstackCOMRAM                     cstackCOMRAM 000000
__Hdata                             data         000000
__HdataBANK0                        dataBANK0    000000
__HdataCOMRAM                       dataCOMRAM   000000
__Heeprom_data                      eeprom_data  000000
__Hfarbss                           farbss       000000
__Hfardata                          fardata      000000
__Hheap                             heap         000000
__Hibigdata                         ibigdata     000000
__Hidata                            idata        000000
__HidataBANK0                       idataBANK0   000000
__HidataCOMRAM                      idataCOMRAM  000000
__Hidloc                            idloc        200008
__Hifardata                         ifardata     000000
__Hinit                             init         000012
__Hintcode                          intcode      00000E
__Hintcode_body                     intcode_body 000000
__Hintcodelo                        intcodelo    00000E
__Hintentry                         intentry     000000
__Hintret                           intret       000000
__Hintsave_regs                     intsave_regs 000000
__Hirdata                           irdata       000000
__Hmediumconst                      mediumconst  003000
__HnvFARRAM                         nvFARRAM     000000
__Hnvbit                            nvbit        000000
__Hnvrram                           nvrram       000000
__Hparam                            rparam       000000
__Hpowerup                          powerup      00000E
__Hram                              ram          000000
__Hramtop                           ramtop       000600
__Hrbit                             rbit         000000
__Hrbss                             rbss         000000
__Hrdata                            rdata        000000
__Hreset_vec                        reset_vec    000004
__Hrparam                           rparam       000000
__Hsfr                              sfr          000000
__Hsmallconst                       smallconst   000000
__Hspace_0                          (abs)        003000
__Hspace_1                          (abs)        0000C1
__Hspace_2                          (abs)        000000
__Hspace_4                          (abs)        60000E
__Hstack                            stack        000000
__Hstruct                           struct       000000
__Htemp                             temp         00005E
__Htext                             text         000000
__Htext0                            text0        000000
__Htext1                            text1        000000
__Htext10                           text10       000000
__Htext11                           text11       000000
__Htext12                           text12       000000
__Htext13                           text13       000000
__Htext14                           text14       000000
__Htext15                           text15       000000
__Htext16                           text16       000000
__Htext17                           text17       000000
__Htext18                           text18       000000
__Htext19                           text19       000000
__Htext2                            text2        000000
__Htext20                           text20       000000
__Htext21                           text21       000000
__Htext22                           text22       000000
__Htext23                           text23       000000
__Htext24                           text24       000000
__Htext25                           text25       000000
__Htext26                           text26       000000
__Htext27                           text27       000000
__Htext28                           text28       000000
__Htext29                           text29       000000
__Htext3                            text3        000000
__Htext30                           text30       000000
__Htext31                           text31       000000
__Htext32                           text32       000000
__Htext33                           text33       000000
__Htext34                           text34       000000
__Htext35                           text35       000000
__Htext36                           text36       000000
__Htext37                           text37       000000
__Htext38                           text38       000000
__Htext39                           text39       000000
__Htext4                            text4        000000
__Htext40                           text40       000000
__Htext41                           text41       000000
__Htext5                            text5        000000
__Htext6                            text6        000000
__Htext7                            text7        000000
__Htext8                            text8        000000
__Htext9                            text9        000000
__LRAM                              (abs)        000001
__L__absolute__                     __absolute__ 000000
__Labs1                             abs1         000000
__Lbank0                            bank0        000000
__Lbank1                            bank1        000000
__Lbank2                            bank2        000000
__Lbank3                            bank3        000000
__Lbank4                            bank4        000000
__Lbank5                            bank5        000000
__Lbigbss                           bigbss       000000
__Lbigdata                          bigdata      000000
__Lbigram                           bigram       000000
__Lbigsfr                           bigsfr       000000
__Lbss                              bss          000000
__LbssBANK0                         bssBANK0     000000
__LbssCOMRAM                        bssCOMRAM    000000
__Lcinit                            cinit        000000
__Lclrtext                          clrtext      000000
__Lcomram                           comram       000000
__Lconfig                           config       000000
__Lconst                            const        000000
__LcstackCOMRAM                     cstackCOMRAM 000000
__Ldata                             data         000000
__LdataBANK0                        dataBANK0    000000
__LdataCOMRAM                       dataCOMRAM   000000
__Leeprom_data                      eeprom_data  000000
__Lfarbss                           farbss       000000
__Lfardata                          fardata      000000
__Lheap                             heap         000000
__Libigdata                         ibigdata     000000
__Lidata                            idata        000000
__LidataBANK0                       idataBANK0   000000
__LidataCOMRAM                      idataCOMRAM  000000
__Lidloc                            idloc        000000
__Lifardata                         ifardata     000000
__Linit                             init         00000E
__Lintcode                          intcode      000008
__Lintcode_body                     intcode_body 000000
__Lintcodelo                        intcodelo    00000E
__Lintentry                         intentry     000000
__Lintret                           intret       000000
__Lintsave_regs                     intsave_regs 000000
__Lirdata                           irdata       000000
__Lmediumconst                      mediumconst  002E2C
__LnvFARRAM                         nvFARRAM     000000
__Lnvbit                            nvbit        000000
__Lnvrram                           nvrram       000000
__Lparam                            rparam       000000
__Lpowerup                          powerup      00000E
__Lram                              ram          000000
__Lramtop                           ramtop       000600
__Lrbit                             rbit         000000
__Lrbss                             rbss         000000
__Lrdata                            rdata        000000
__Lreset_vec                        reset_vec    000000
__Lrparam                           rparam       000000
__Lsfr                              sfr          000000
__Lsmallconst                       smallconst   000000
__Lspace_0                          (abs)        000000
__Lspace_1                          (abs)        000000
__Lspace_2                          (abs)        000000
__Lspace_4                          (abs)        000000
__Lstack                            stack        000000
__Lstruct                           struct       000000
__Ltemp                             temp         00005D
__Ltext                             text         000000
__Ltext0                            text0        000000
__Ltext1                            text1        000000
__Ltext10                           text10       000000
__Ltext11                           text11       000000
__Ltext12                           text12       000000
__Ltext13                           text13       000000
__Ltext14                           text14       000000
__Ltext15                           text15       000000
__Ltext16                           text16       000000
__Ltext17                           text17       000000
__Ltext18                           text18       000000
__Ltext19                           text19       000000
__Ltext2                            text2        000000
__Ltext20                           text20       000000
__Ltext21                           text21       000000
__Ltext22                           text22       000000
__Ltext23                           text23       000000
__Ltext24                           text24       000000
__Ltext25                           text25       000000
__Ltext26                           text26       000000
__Ltext27                           text27       000000
__Ltext28                           text28       000000
__Ltext29                           text29       000000
__Ltext3                            text3        000000
__Ltext30                           text30       000000
__Ltext31                           text31       000000
__Ltext32                           text32       000000
__Ltext33                           text33       000000
__Ltext34                           text34       000000
__Ltext35                           text35       000000
__Ltext36                           text36       000000
__Ltext37                           text37       000000
__Ltext38                           text38       000000
__Ltext39                           text39       000000
__Ltext4                            text4        000000
__Ltext40                           text40       000000
__Ltext41                           text41       000000
__Ltext5                            text5        000000
__Ltext6                            text6        000000
__Ltext7                            text7        000000
__Ltext8                            text8        000000
__Ltext9                            text9        000000
__S0                                (abs)        003000
__S1                                (abs)        0000C1
__S4                                (abs)        000000
__S5                                (abs)        000000
___fldiv                            text41       000488
___fldiv@a                          cstackCOMRAM 00001B
___fldiv@aexp                       cstackCOMRAM 00002F
___fldiv@b                          cstackCOMRAM 000017
___fldiv@bexp                       cstackCOMRAM 00002E
___fldiv@grs                        cstackCOMRAM 00002A
___fldiv@new_exp                    cstackCOMRAM 000028
___fldiv@rem                        cstackCOMRAM 000023
___fldiv@sign                       cstackCOMRAM 000027
___fltol                            text40       0017FE
___fltol@exp1                       cstackCOMRAM 000039
___fltol@f1                         cstackCOMRAM 000030
___fltol@sign1                      cstackCOMRAM 000038
___heap_hi                          (abs)        000000
___heap_lo                          (abs)        000000
___inthi_sp                         stack        000000
___intlo_sp                         stack        000000
___lwdiv                            text23       001B96
___lwdiv@counter                    cstackCOMRAM 000007
___lwdiv@dividend                   cstackCOMRAM 000001
___lwdiv@divisor                    cstackCOMRAM 000003
___lwdiv@quotient                   cstackCOMRAM 000005
___lwmod                            text22       001D4E
___lwmod@counter                    cstackCOMRAM 000005
___lwmod@dividend                   cstackCOMRAM 000001
___lwmod@divisor                    cstackCOMRAM 000003
___param_bank                       (abs)        000000
___rparam_used                      (abs)        000001
___sp                               stack        000000
___xxtofl                           text39       0013B0
___xxtofl@arg                       cstackCOMRAM 000013
___xxtofl@exp                       cstackCOMRAM 000012
___xxtofl@sign                      cstackCOMRAM 000011
___xxtofl@val                       cstackCOMRAM 000009
__accesstop                         (abs)        000060
__activetblptr                      (abs)        000002
__end_of___fldiv                    text41       000822
__end_of___fltol                    text40       001904
__end_of___lwdiv                    text23       001C0A
__end_of___lwmod                    text22       001DB2
__end_of___xxtofl                   text39       001564
__end_of__initialization            cinit        001D40
__end_of_car_menu                   text29       000B9A
__end_of_change_password            text27       000488
__end_of_clcd_print                 text37       001CE8
__end_of_clcd_putch                 text36       00210A
__end_of_clcd_write                 text38       001FFA
__end_of_clear_log                  text26       001E6A
__end_of_display_dashboard          text24       001E10
__end_of_display_speed              text21       001FC0
__end_of_gear_monitor               text25       0016F6
__end_of_get_time                   text15       001B96
__end_of_i2c_idle                   text35       002132
__end_of_i2c_no_ack                 text20       00217E
__end_of_i2c_read                   text18       00213E
__end_of_i2c_rep_start              text17       00215A
__end_of_i2c_rx_mode                text19       002162
__end_of_i2c_start                  text34       002172
__end_of_i2c_stop                   text33       00216A
__end_of_i2c_write                  text32       00214A
__end_of_init_adc                   text14       0020BE
__end_of_init_clcd                  text13       001A76
__end_of_init_config                text7        0020D8
__end_of_init_ds1307                text11       001EFA
__end_of_init_i2c                   text10       002120
__end_of_init_matrix_keypad         text9        002152
__end_of_init_timer0                text8        0020F2
__end_of_isr                        intcode_body 001F42
__end_of_main                       text0        001146
__end_of_read_adc                   text6        001EB2
__end_of_read_ds1307                text16       002082
__end_of_read_external_eeprom       text2        002058
__end_of_read_password              text5        000E78
__end_of_read_switches              text3        001C7C
__end_of_scan_key                   text4        0017FE
__end_of_store_event                text30       0019C6
__end_of_validate_password          text28       001B14
__end_of_view_log                   text1        0013B0
__end_of_write_ds1307               text12       0020A0
__end_of_write_external_eeprom      text31       001F82
__initialization                    cinit        001CE8
__mediumconst                       mediumconst  002E2C
__pbssBANK0                         bssBANK0     000093
__pbssCOMRAM                        bssCOMRAM    00003F
__pcinit                            cinit        001CE8
__pcstackCOMRAM                     cstackCOMRAM 000001
__pdataBANK0                        dataBANK0    000060
__pdataCOMRAM                       dataCOMRAM   000057
__pidataBANK0                       idataBANK0   001FFA
__pidataCOMRAM                      idataCOMRAM  002172
__pintcode                          intcode      000008
__pintcode_body                     intcode_body 001EFA
__pmediumconst                      mediumconst  002E2C
__ptext0                            text0        000E78
__ptext1                            text1        001146
__ptext10                           text10       00210A
__ptext11                           text11       001EB2
__ptext12                           text12       002082
__ptext13                           text13       0019C6
__ptext14                           text14       0020A0
__ptext15                           text15       001B14
__ptext16                           text16       002058
__ptext17                           text17       002152
__ptext18                           text18       002132
__ptext19                           text19       00215A
__ptext2                            text2        00202E
__ptext20                           text20       002178
__ptext21                           text21       001F82
__ptext22                           text22       001D4E
__ptext23                           text23       001B96
__ptext24                           text24       001DB2
__ptext25                           text25       001564
__ptext26                           text26       001E10
__ptext27                           text27       000012
__ptext28                           text28       001A76
__ptext29                           text29       000822
__ptext3                            text3        001C0A
__ptext30                           text30       001904
__ptext31                           text31       001F42
__ptext32                           text32       00213E
__ptext33                           text33       002162
__ptext34                           text34       00216A
__ptext35                           text35       002120
__ptext36                           text36       0020F2
__ptext37                           text37       001C7C
__ptext38                           text38       001FC0
__ptext39                           text39       0013B0
__ptext4                            text4        0016F6
__ptext40                           text40       0017FE
__ptext41                           text41       000488
__ptext5                            text5        000B9A
__ptext6                            text6        001E6A
__ptext7                            text7        0020BE
__ptext8                            text8        0020D8
__ptext9                            text9        00214A
__ramtop                            ramtop       000600
__smallconst                        smallconst   000000
_address                            bssBANK0     000098
_attempt                            dataCOMRAM   00005C
_car_menu                           text29       000822
_change_password                    text27       000012
_clcd_print                         text37       001C7C
_clcd_putch                         text36       0020F2
_clcd_write                         text38       001FC0
_clear_log                          text26       001E10
_clock_reg                          bssBANK0     000093
_confirm_password                   bssBANK0     0000B2
_count                              bssBANK0     000096
_count_event                        bssCOMRAM    000041
_display_dashboard                  text24       001DB2
_display_speed                      text21       001F82
_enter_flag                         bssCOMRAM    000056
_enter_password                     bssBANK0     0000B7
_event                              dataBANK0    000082
_gear_data                          dataBANK0    000060
_gear_flag                          bssCOMRAM    000054
_gear_index                         bssCOMRAM    00004F
_gear_monitor                       text25       001564
_get_time                           text15       001B14
_i2c_idle                           text35       002120
_i2c_no_ack                         text20       002178
_i2c_read                           text18       002132
_i2c_rep_start                      text17       002152
_i2c_rx_mode                        text19       00215A
_i2c_start                          text34       00216A
_i2c_stop                           text33       002162
_i2c_write                          text32       00213E
_index                              bssCOMRAM    00004D
_index_1                            bssCOMRAM    000047
_index_2                            dataCOMRAM   000059
_index_eeprom                       bssBANK0     00009C
_init_adc                           text14       0020A0
_init_clcd                          text13       0019C6
_init_config                        text7        0020BE
_init_ds1307                        text11       001EB2
_init_i2c                           text10       00210A
_init_matrix_keypad                 text9        00214A
_init_timer0                        text8        0020D8
_isr                                intcode      000008
_key                                bssBANK0     00009A
_main                               text0        000E78
_menu                               dataBANK0    000070
_menu_event                         dataBANK0    00007A
_menu_index                         bssCOMRAM    000045
_original_password                  bssBANK0     0000BC
_pass_flag                          bssCOMRAM    000053
_pass_key                           bssBANK0     0000A0
_previous_key                       bssCOMRAM    000049
_read_adc                           text6        001E6A
_read_ds1307                        text16       002058
_read_external_eeprom               text2        00202E
_read_password                      text5        000B9A
_read_switches                      text3        001C0A
_scan_key                           text4        0016F6
_sec                                bssCOMRAM    000051
_speed                              bssBANK0     00009E
_star_flag                          dataCOMRAM   000057
_store_event                        text30       001904
_total_index                        bssCOMRAM    000055
_validate_password                  text28       001A76
_view_event                         bssBANK0     0000A1
_view_flag                          bssCOMRAM    00003F
_view_log                           text1        001146
_wait                               bssCOMRAM    00004B
_wait1                              bssCOMRAM    000043
_write_ds1307                       text12       002082
_write_external_eeprom              text31       001F42
btemp                               temp         00005D
car_menu@key                        cstackCOMRAM 000010
change_password@i                   cstackCOMRAM 00000C
change_password@key                 cstackCOMRAM 00000E
clcd_print@addr                     cstackCOMRAM 000005
clcd_print@data                     cstackCOMRAM 000003
clcd_putch@addr                     cstackCOMRAM 000008
clcd_putch@data                     cstackCOMRAM 000009
clcd_write@byte                     cstackCOMRAM 000002
clcd_write@control_bit              cstackCOMRAM 000001
display_dashboard@key               cstackCOMRAM 000011
display_speed@speed                 cstackCOMRAM 000008
end_of_initialization               cinit        001D40
gear_monitor@key                    cstackCOMRAM 000010
i2c_write@data                      cstackCOMRAM 000001
init_ds1307@dummy                   cstackCOMRAM 000004
int$flags                           temp         00005D
int_func                            intcode_body 001EFA
intlevel0                           text         000000
intlevel1                           text         000000
intlevel2                           text         000000
intlevel3                           text         000000
isa$std                             (abs)        000001
isa$xinst                           (abs)        000000
main@i                              cstackCOMRAM 00003C
main@key                            cstackCOMRAM 00003E
read_adc@channel                    cstackCOMRAM 000008
read_ds1307@address                 cstackCOMRAM 000002
read_ds1307@data                    cstackCOMRAM 000003
read_external_eeprom@address        cstackCOMRAM 000002
read_external_eeprom@data           cstackCOMRAM 000003
read_password@key                   cstackCOMRAM 00000C
read_switches@detection             cstackCOMRAM 000001
read_switches@key                   cstackCOMRAM 000002
read_switches@once                  dataCOMRAM   00005B
stackhi                             (abs)        000000
stacklo                             (abs)        000000
start                               init         00000E
start_initialization                cinit        001CE8
store_event@address                 cstackCOMRAM 00000A
store_event@event                   cstackCOMRAM 000006
store_event@ind                     cstackCOMRAM 00000C
ttemp5                              temp         00005E
ttemp6                              temp         000061
ttemp7                              temp         000065
validate_password@enter_password    cstackCOMRAM 000003
validate_password@ind_compare       cstackCOMRAM 000008
validate_password@original_password cstackCOMRAM 000001
view_log@i                          cstackCOMRAM 00000C
view_log@key                        cstackCOMRAM 00000E
write_ds1307@address                cstackCOMRAM 000003
write_ds1307@data                   cstackCOMRAM 000002
write_external_eeprom@address       cstackCOMRAM 000005
write_external_eeprom@data          cstackCOMRAM 000002
write_external_eeprom@i             cstackCOMRAM 000003
wtemp8                              temp         00005E


MODULE INFORMATION

Module		Function		Class		Link	Load	Size
car_black_box.c
		_view_log      		CODE           	1146	0000	618
		_display_speed 		CODE           	1F82	0000	62
		_change_password		CODE           	0012	0000	1142
		_display_dashboard		CODE           	1DB2	0000	94
		_car_menu      		CODE           	0822	0000	888
		_get_time      		CODE           	1B14	0000	130
		_gear_monitor  		CODE           	1564	0000	402
		_clear_log     		CODE           	1E10	0000	90
		_validate_password		CODE           	1A76	0000	158
		_store_event   		CODE           	1904	0000	194
		_read_password 		CODE           	0B9A	0000	734

car_black_box.c estimated size: 4512

C:\Program Files\Microchip\xc8\v2.41\pic\sources\c99\common\fltol.c
		___fltol       		CODE           	17FE	0000	262

C:\Program Files\Microchip\xc8\v2.41\pic\sources\c99\common\fltol.c estimated size: 262

C:\Program Files\Microchip\xc8\v2.41\pic\sources\c99\common\xxtofl.c
		___xxtofl      		CODE           	13B0	0000	436

C:\Program Files\Microchip\xc8\v2.41\pic\sources\c99\common\xxtofl.c estimated size: 436

i2c.c
		_i2c_start     		CODE           	216A	0000	8
		_i2c_no_ack    		CODE           	2178	0000	6
		_i2c_rep_start 		CODE           	2152	0000	8
		_i2c_idle      		CODE           	2120	0000	18
		_i2c_write     		CODE           	213E	0000	12
		_i2c_stop      		CODE           	2162	0000	8
		_i2c_read      		CODE           	2132	0000	12
		_init_i2c      		CODE           	210A	0000	22
		_i2c_rx_mode   		CODE           	215A	0000	8

i2c.c estimated size: 102

C:\Program Files\Microchip\xc8\v2.41\pic\sources\c99\common\lwdiv.c
		___lwdiv       		CODE           	1B96	0000	116

C:\Program Files\Microchip\xc8\v2.41\pic\sources\c99\common\lwdiv.c estimated size: 116

timer0.c
		_init_timer0   		CODE           	20D8	0000	26

timer0.c estimated size: 26

ds1307.c
		_read_ds1307   		CODE           	2058	0000	42
		_write_ds1307  		CODE           	2082	0000	30
		_init_ds1307   		CODE           	1EB2	0000	72

ds1307.c estimated size: 144

adc.c
		_init_adc      		CODE           	20A0	0000	30
		_read_adc      		CODE           	1E6A	0000	72

adc.c estimated size: 102

mkp.c
		_init_matrix_keypad		CODE           	214A	0000	8
		_read_switches 		CODE           	1C0A	0000	114
		_scan_key      		CODE           	16F6	0000	264

mkp.c estimated size: 386

isr.c
		_isr           		CODE           	0008	0000	78

isr.c estimated size: 78

shared
		__initialization		CODE           	1CE8	0000	88

shared estimated size: 88

clcd.c
		_clcd_write    		CODE           	1FC0	0000	58
		_clcd_print    		CODE           	1C7C	0000	108
		_clcd_putch    		CODE           	20F2	0000	24
		_init_clcd     		CODE           	19C6	0000	176

clcd.c estimated size: 366

ext_eeprom.c
		_write_external_eeprom		CODE           	1F42	0000	64
		_read_external_eeprom		CODE           	202E	0000	42

ext_eeprom.c estimated size: 106

main.c
		_main          		CODE           	0E78	0000	718
		_init_config   		CODE           	20BE	0000	26

main.c estimated size: 744

C:\Program Files\Microchip\xc8\v2.41\pic\sources\c99\common\sprcdiv.c
		___fldiv       		CODE           	0488	0000	922

C:\Program Files\Microchip\xc8\v2.41\pic\sources\c99\common\sprcdiv.c estimated size: 922

C:\Program Files\Microchip\xc8\v2.41\pic\sources\c99\common\lwmod.c
		___lwmod       		CODE           	1D4E	0000	100

C:\Program Files\Microchip\xc8\v2.41\pic\sources\c99\common\lwmod.c estimated size: 100

