Microchip MPLAB XC8 Compiler V2.41

Linker command line:

-W-3 \
  --edf=C:\Program Files\Microchip\xc8\v2.41\pic\dat\20230208172133_en.msgs \
  -cn -h+dist/default/production\car_back_box.X.production.sym \
  --cmf=dist/default/production\car_back_box.X.production.cmf -z -Q18F4580 \
  -oC:\Users\santh\AppData\Local\Temp\xcAs6do.\driver_tmp_3.o \
  --defsym=__MPLAB_BUILD=1 --fixupoverflow=error \
  -Mdist/default/production/car_back_box.X.production.map \
  --md=C:\Users\santh\AppData\Local\Temp\xcAs6do.\driver_tmp_0.dat -E1 \
  -ver=XC8 Compiler --acfsm=1493 -ACODE=00h-03000h -ACONST=00h-03000h \
  -ASMALLCONST=0600h-06FFhx42,03000h-03000h -AMEDIUMCONST=0600h-03000h \
  -ACOMRAM=01h-05Fh -AABS1=00h-05FFh -ABIGRAM=01h-05FFh \
  -ARAM=060h-0FFh,0100h-01FFhx5 -ABANK0=060h-0FFh -ABANK1=0100h-01FFh \
  -ABANK2=0200h-02FFh -ABANK3=0300h-03FFh -ABANK4=0400h-04FFh \
  -ABANK5=0500h-05FFh -ASFR=0D00h-0DFFhx2,0F00h-0F5Fh,0F60h-0FFFh \
  -ABIGSFR=0D00h-0FFFh -ACONFIG=0300000h-030000Dh -AIDLOC=0200000h-0200007h \
  -AEEDATA=0F00000h-0F000FFh -peeprom_data=EEDATA \
  -preset_vec=00h,intcode=08h,intcodelo,powerup,init -pramtop=0600h \
  -psmallconst=SMALLCONST -pmediumconst=MEDIUMCONST -pconst=CONST \
  -AFARRAM=00h-00h \
  -prdata=COMRAM,nvrram=COMRAM,nvbit=COMRAM,rbss=COMRAM,rbit=COMRAM \
  -pfarbss=FARRAM,fardata=FARRAM,nvFARRAM=FARRAM \
  -pintsave_regs=BIGRAM,bigbss=BIGRAM,bigdata=BIGRAM -pbss=RAM \
  -pidata=CODE,irdata=CODE,ibigdata=CODE,ifardata=CODE -prparam=COMRAM \
  C:\Users\santh\AppData\Local\Temp\xcAs6do.\driver_tmp_9.o \
  dist/default/production\car_back_box.X.production.o 

Object code version is 3.11

Machine type is 18F4580



                Name                               Link     Load   Length Selector   Space Scale
C:\Users\santh\AppData\Local\Temp\xcAs6do.\driver_tmp_9.o
                idloc                            200000   200000        8        0       5
                config                           300000   300000        E        0       4
                init                                  E        E        4        4       0
                reset_vec                             0        0        4        0       0
dist/default/production\car_back_box.X.production.o
                intcode                               8        8        6        4       0
                idloc                            200000   200000        8        0       5
                config                           300000   300000        E        0       4
                temp                                 5D       5D        1        1       1
                mediumconst                        2ED6     2ED6      12A     176B       0
                intcode_body                       1522     1522       46        4       0
                text34                             15A6     15A6       3A        4       0
                text33                             135C     135C       6C        4       0
                text32                             16A8     16A8       18      B07       0
                text31                              71E      71E      36A        4       0
                text30                               12       12      39A        4       0
                text29                              EC4      EC4      106        4       0
                text28                              A88      A88      1B4        4       0
                text27                             1276     1276       74        4       0
                text26                             142E     142E       64        4       0
                text25                             1568     1568       3E        4       0
                text24                              C3C      C3C      180        4       0
                text23                             172E     172E        6      B07       0
                text22                             16D6     16D6       12      B07       0
                text21                             1720     1720        8      B07       0
                text20                             16F4     16F4        C      B07       0
                text19                             1718     1718        8      B07       0
                text18                             1710     1710        8      B07       0
                text17                             1708     1708        8      B07       0
                text16                             16E8     16E8        C      B07       0
                text15                             160E     160E       2A      B07       0
                text14                             11F6     11F6       80        4       0
                text13                             14DA     14DA       48        4       0
                text12                              FCA      FCA       C6        4       0
                text11                             1656     1656       1E      B07       0
                text10                             1146     1146       B0        4       0
                text9                              1638     1638       1E      B07       0
                text8                              1492     1492       48        4       0
                text7                              16C0     16C0       16      B07       0
                text6                              1700     1700        8      B07       0
                text5                              168E     168E       1A      B07       0
                text4                              1674     1674       1A      B07       0
                text3                               3AC      3AC      372        4       0
                text2                               DBC      DBC      108        4       0
                text1                              12EA     12EA       72        4       0
                text0                              1090     1090       B6        4       0
                cstackCOMRAM                          1        1       3B        1       1
                dataBANK0                            60       60       2D       60       1
                bssBANK0                             8D       8D        7       60       1
                dataCOMRAM                           57       57        6        1       1
                bssCOMRAM                            3C       3C       1B        1       1
                cinit                              13C8     13C8       66        4       0
                idataBANK0                         15E0     15E0       2D        4       0
                idataCOMRAM                        1728     1728        6      B07       0

TOTAL           Name                               Link     Load   Length     Space
        CLASS   CODE           
                intcode                               8        8        6         0
                init                                  E        E        4         0
                reset_vec                             0        0        4         0
                intcode_body                       1522     1522       46         0
                text34                             15A6     15A6       3A         0
                text33                             135C     135C       6C         0
                text32                             16A8     16A8       18         0
                text31                              71E      71E      36A         0
                text30                               12       12      39A         0
                text29                              EC4      EC4      106         0
                text28                              A88      A88      1B4         0
                text27                             1276     1276       74         0
                text26                             142E     142E       64         0
                text25                             1568     1568       3E         0
                text24                              C3C      C3C      180         0
                text23                             172E     172E        6         0
                text22                             16D6     16D6       12         0
                text21                             1720     1720        8         0
                text20                             16F4     16F4        C         0
                text19                             1718     1718        8         0
                text18                             1710     1710        8         0
                text17                             1708     1708        8         0
                text16                             16E8     16E8        C         0
                text15                             160E     160E       2A         0
                text14                             11F6     11F6       80         0
                text13                             14DA     14DA       48         0
                text12                              FCA      FCA       C6         0
                text11                             1656     1656       1E         0
                text10                             1146     1146       B0         0
                text9                              1638     1638       1E         0
                text8                              1492     1492       48         0
                text7                              16C0     16C0       16         0
                text6                              1700     1700        8         0
                text5                              168E     168E       1A         0
                text4                              1674     1674       1A         0
                text3                               3AC      3AC      372         0
                text2                               DBC      DBC      108         0
                text1                              12EA     12EA       72         0
                text0                              1090     1090       B6         0
                cinit                              13C8     13C8       66         0
                idataBANK0                         15E0     15E0       2D         0
                idataCOMRAM                        1728     1728        6         0

        CLASS   CONST          

        CLASS   SMALLCONST     

        CLASS   MEDIUMCONST    
                mediumconst                        2ED6     2ED6      12A         0

        CLASS   COMRAM         
                temp                                 5D       5D        1         1
                cstackCOMRAM                          1        1       3B         1
                dataCOMRAM                           57       57        6         1
                bssCOMRAM                            3C       3C       1B         1

        CLASS   ABS1           

        CLASS   BIGRAM         

        CLASS   RAM            

        CLASS   BANK0          
                dataBANK0                            60       60       2D         1
                bssBANK0                             8D       8D        7         1

        CLASS   BANK1          

        CLASS   BANK2          

        CLASS   BANK3          

        CLASS   BANK4          

        CLASS   BANK5          

        CLASS   SFR            

        CLASS   BIGSFR         

        CLASS   CONFIG         
                config                           300000   300000        E         4

        CLASS   IDLOC          
                idloc                            200000   200000        8         5

        CLASS   EEDATA         

        CLASS   FARRAM         

        CLASS   HEAP           

        CLASS   STACK          



SEGMENTS        Name                           Load    Length   Top    Selector   Space  Class

                reset_vec                      000000  000004  000004         0       0  CODE    
                cstackCOMRAM                   000001  00005D  00005E         1       1  COMRAM  
                intcode                        000008  001605  00160D         4       0  CODE    
                dataBANK0                      000060  000034  000094        60       1  BANK0   
                text15                         00160E  000126  001734       B07       0  CODE    
                mediumconst                    002ED6  00012A  003000      176B       0  MEDIUMCO


UNUSED ADDRESS RANGES

        Name                Unused          Largest block    Delta
        BANK0            000094-0000FF               6C
        BANK1            000100-0001FF              100
        BANK2            000200-0002FF              100
        BANK3            000300-0003FF              100
        BANK4            000400-0004FF              100
        BANK5            000500-0005FF              100
        BIGRAM           00005E-00005F                2
                         000094-0005FF              56C
        BIGSFR           000D00-000FFF              300
        CODE             000004-000007                4
                         00160D-00160D                1
                         001734-002ED5             17A2
                         003000-003000                1
        COMRAM           00005E-00005F                2
        CONST            000004-000007                4
                         00160D-00160D                1
                         001734-002ED5             17A2
                         003000-003000                1
        EEDATA           F00000-F000FF              100
        MEDIUMCONST      00160D-00160D                1
                         001734-002ED5             17A2
                         003000-003000                1
        RAM              000094-0005FF              100
        SFR              000D00-000FFF              100
        SMALLCONST       00160D-00160D                1
                         001734-002ED5              100
                         003000-003000                1

                                  Symbol Table

?___fldiv                   cstackCOMRAM 000017
?___fltol                   cstackCOMRAM 000030
?___lwdiv                   cstackCOMRAM 000001
?___lwmod                   cstackCOMRAM 000001
?___xxtofl                  cstackCOMRAM 000009
?_read_adc                  cstackCOMRAM 000001
_ACKDT                      (abs)        007E2D
_ACKEN                      (abs)        007E2C
_ACKSTAT                    (abs)        007E2E
_ACQT0                      (abs)        007E03
_ACQT1                      (abs)        007E04
_ACQT2                      (abs)        007E05
_ADCON0                     (abs)        000FC2
_ADCS0                      (abs)        007E00
_ADCS1                      (abs)        007E01
_ADCS2                      (abs)        007E02
_ADFM                       (abs)        007E07
_ADON                       (abs)        007E10
_ADRESH                     (abs)        000FC4
_ADRESL                     (abs)        000FC3
_BCLIF                      (abs)        007D0B
_CKE                        (abs)        007E3E
_GIE                        (abs)        007F97
_GO                         (abs)        007E11
_PCFG0                      (abs)        007E08
_PCFG1                      (abs)        007E09
_PCFG2                      (abs)        007E0A
_PCFG3                      (abs)        007E0B
_PEIE                       (abs)        007F96
_PEN                        (abs)        007E2A
_PORTD                      (abs)        000F83
_PSA                        (abs)        007EAB
_RB1                        (abs)        007C09
_RB2                        (abs)        007C0A
_RB3                        (abs)        007C0B
_RB4                        (abs)        007C0C
_RB5                        (abs)        007C0D
_RB6                        (abs)        007C0E
_RB7                        (abs)        007C0F
_RBPU                       (abs)        007F8F
_RC0                        (abs)        007C10
_RC1                        (abs)        007C11
_RC2                        (abs)        007C12
_RCEN                       (abs)        007E2B
_RD7                        (abs)        007C1F
_RSEN                       (abs)        007E29
_SEN                        (abs)        007E28
_SMP                        (abs)        007E3F
_SSPADD                     (abs)        000FC8
_SSPBUF                     (abs)        000FC9
_SSPCON1                    (abs)        000FC6
_SSPIF                      (abs)        007CF3
_T08BIT                     (abs)        007EAE
_T0CS                       (abs)        007EAD
_TMR0                       (abs)        000FD6
_TMR0IE                     (abs)        007F95
_TMR0IF                     (abs)        007F92
_TMR0ON                     (abs)        007EAF
_TRISB                      (abs)        000F93
_TRISC                      (abs)        000F94
_TRISC3                     (abs)        007CA3
_TRISC4                     (abs)        007CA4
_TRISD                      (abs)        000F95
_TRISD7                     (abs)        007CAF
_VCFG0                      (abs)        007E0C
_VCFG1                      (abs)        007E0D
__HRAM                      (abs)        000000
__H__absolute__             __absolute__ 000000
__Habs1                     abs1         000000
__Hbank0                    bank0        000000
__Hbank1                    bank1        000000
__Hbank2                    bank2        000000
__Hbank3                    bank3        000000
__Hbank4                    bank4        000000
__Hbank5                    bank5        000000
__Hbigbss                   bigbss       000000
__Hbigdata                  bigdata      000000
__Hbigram                   bigram       000000
__Hbigsfr                   bigsfr       000000
__Hbss                      bss          000000
__HbssBANK0                 bssBANK0     000000
__HbssCOMRAM                bssCOMRAM    000000
__Hcinit                    cinit        000000
__Hclrtext                  clrtext      000000
__Hcomram                   comram       000000
__Hconfig                   config       30000E
__Hconst                    const        000000
__HcstackCOMRAM             cstackCOMRAM 000000
__Hdata                     data         000000
__HdataBANK0                dataBANK0    000000
__HdataCOMRAM               dataCOMRAM   000000
__Heeprom_data              eeprom_data  000000
__Hfarbss                   farbss       000000
__Hfardata                  fardata      000000
__Hheap                     heap         000000
__Hibigdata                 ibigdata     000000
__Hidata                    idata        000000
__HidataBANK0               idataBANK0   000000
__HidataCOMRAM              idataCOMRAM  000000
__Hidloc                    idloc        200008
__Hifardata                 ifardata     000000
__Hinit                     init         000012
__Hintcode                  intcode      00000E
__Hintcode_body             intcode_body 000000
__Hintcodelo                intcodelo    00000E
__Hintentry                 intentry     000000
__Hintret                   intret       000000
__Hintsave_regs             intsave_regs 000000
__Hirdata                   irdata       000000
__Hmediumconst              mediumconst  003000
__HnvFARRAM                 nvFARRAM     000000
__Hnvbit                    nvbit        000000
__Hnvrram                   nvrram       000000
__Hparam                    rparam       000000
__Hpowerup                  powerup      00000E
__Hram                      ram          000000
__Hramtop                   ramtop       000600
__Hrbit                     rbit         000000
__Hrbss                     rbss         000000
__Hrdata                    rdata        000000
__Hreset_vec                reset_vec    000004
__Hrparam                   rparam       000000
__Hsfr                      sfr          000000
__Hsmallconst               smallconst   000000
__Hspace_0                  (abs)        003000
__Hspace_1                  (abs)        000094
__Hspace_2                  (abs)        000000
__Hspace_4                  (abs)        60000E
__Hstack                    stack        000000
__Hstruct                   struct       000000
__Htemp                     temp         00005E
__Htext                     text         000000
__Htext0                    text0        000000
__Htext1                    text1        000000
__Htext10                   text10       000000
__Htext11                   text11       000000
__Htext12                   text12       000000
__Htext13                   text13       000000
__Htext14                   text14       000000
__Htext15                   text15       000000
__Htext16                   text16       000000
__Htext17                   text17       000000
__Htext18                   text18       000000
__Htext19                   text19       000000
__Htext2                    text2        000000
__Htext20                   text20       000000
__Htext21                   text21       000000
__Htext22                   text22       000000
__Htext23                   text23       000000
__Htext24                   text24       000000
__Htext25                   text25       000000
__Htext26                   text26       000000
__Htext27                   text27       000000
__Htext28                   text28       000000
__Htext29                   text29       000000
__Htext3                    text3        000000
__Htext30                   text30       000000
__Htext31                   text31       000000
__Htext32                   text32       000000
__Htext33                   text33       000000
__Htext34                   text34       000000
__Htext4                    text4        000000
__Htext5                    text5        000000
__Htext6                    text6        000000
__Htext7                    text7        000000
__Htext8                    text8        000000
__Htext9                    text9        000000
__LRAM                      (abs)        000001
__L__absolute__             __absolute__ 000000
__Labs1                     abs1         000000
__Lbank0                    bank0        000000
__Lbank1                    bank1        000000
__Lbank2                    bank2        000000
__Lbank3                    bank3        000000
__Lbank4                    bank4        000000
__Lbank5                    bank5        000000
__Lbigbss                   bigbss       000000
__Lbigdata                  bigdata      000000
__Lbigram                   bigram       000000
__Lbigsfr                   bigsfr       000000
__Lbss                      bss          000000
__LbssBANK0                 bssBANK0     000000
__LbssCOMRAM                bssCOMRAM    000000
__Lcinit                    cinit        000000
__Lclrtext                  clrtext      000000
__Lcomram                   comram       000000
__Lconfig                   config       000000
__Lconst                    const        000000
__LcstackCOMRAM             cstackCOMRAM 000000
__Ldata                     data         000000
__LdataBANK0                dataBANK0    000000
__LdataCOMRAM               dataCOMRAM   000000
__Leeprom_data              eeprom_data  000000
__Lfarbss                   farbss       000000
__Lfardata                  fardata      000000
__Lheap                     heap         000000
__Libigdata                 ibigdata     000000
__Lidata                    idata        000000
__LidataBANK0               idataBANK0   000000
__LidataCOMRAM              idataCOMRAM  000000
__Lidloc                    idloc        000000
__Lifardata                 ifardata     000000
__Linit                     init         00000E
__Lintcode                  intcode      000008
__Lintcode_body             intcode_body 000000
__Lintcodelo                intcodelo    00000E
__Lintentry                 intentry     000000
__Lintret                   intret       000000
__Lintsave_regs             intsave_regs 000000
__Lirdata                   irdata       000000
__Lmediumconst              mediumconst  002ED6
__LnvFARRAM                 nvFARRAM     000000
__Lnvbit                    nvbit        000000
__Lnvrram                   nvrram       000000
__Lparam                    rparam       000000
__Lpowerup                  powerup      00000E
__Lram                      ram          000000
__Lramtop                   ramtop       000600
__Lrbit                     rbit         000000
__Lrbss                     rbss         000000
__Lrdata                    rdata        000000
__Lreset_vec                reset_vec    000000
__Lrparam                   rparam       000000
__Lsfr                      sfr          000000
__Lsmallconst               smallconst   000000
__Lspace_0                  (abs)        000000
__Lspace_1                  (abs)        000000
__Lspace_2                  (abs)        000000
__Lspace_4                  (abs)        000000
__Lstack                    stack        000000
__Lstruct                   struct       000000
__Ltemp                     temp         00005D
__Ltext                     text         000000
__Ltext0                    text0        000000
__Ltext1                    text1        000000
__Ltext10                   text10       000000
__Ltext11                   text11       000000
__Ltext12                   text12       000000
__Ltext13                   text13       000000
__Ltext14                   text14       000000
__Ltext15                   text15       000000
__Ltext16                   text16       000000
__Ltext17                   text17       000000
__Ltext18                   text18       000000
__Ltext19                   text19       000000
__Ltext2                    text2        000000
__Ltext20                   text20       000000
__Ltext21                   text21       000000
__Ltext22                   text22       000000
__Ltext23                   text23       000000
__Ltext24                   text24       000000
__Ltext25                   text25       000000
__Ltext26                   text26       000000
__Ltext27                   text27       000000
__Ltext28                   text28       000000
__Ltext29                   text29       000000
__Ltext3                    text3        000000
__Ltext30                   text30       000000
__Ltext31                   text31       000000
__Ltext32                   text32       000000
__Ltext33                   text33       000000
__Ltext34                   text34       000000
__Ltext4                    text4        000000
__Ltext5                    text5        000000
__Ltext6                    text6        000000
__Ltext7                    text7        000000
__Ltext8                    text8        000000
__Ltext9                    text9        000000
__S0                        (abs)        003000
__S1                        (abs)        000094
__S4                        (abs)        000000
__S5                        (abs)        000000
___fldiv                    text30       000012
___fldiv@a                  cstackCOMRAM 00001B
___fldiv@aexp               cstackCOMRAM 00002F
___fldiv@b                  cstackCOMRAM 000017
___fldiv@bexp               cstackCOMRAM 00002E
___fldiv@grs                cstackCOMRAM 00002A
___fldiv@new_exp            cstackCOMRAM 000028
___fldiv@rem                cstackCOMRAM 000023
___fldiv@sign               cstackCOMRAM 000027
___fltol                    text29       000EC4
___fltol@exp1               cstackCOMRAM 000039
___fltol@f1                 cstackCOMRAM 000030
___fltol@sign1              cstackCOMRAM 000038
___heap_hi                  (abs)        000000
___heap_lo                  (abs)        000000
___inthi_sp                 stack        000000
___intlo_sp                 stack        000000
___lwdiv                    text27       001276
___lwdiv@counter            cstackCOMRAM 000007
___lwdiv@dividend           cstackCOMRAM 000001
___lwdiv@divisor            cstackCOMRAM 000003
___lwdiv@quotient           cstackCOMRAM 000005
___lwmod                    text26       00142E
___lwmod@counter            cstackCOMRAM 000005
___lwmod@dividend           cstackCOMRAM 000001
___lwmod@divisor            cstackCOMRAM 000003
___param_bank               (abs)        000000
___rparam_used              (abs)        000001
___sp                       stack        000000
___xxtofl                   text28       000A88
___xxtofl@arg               cstackCOMRAM 000013
___xxtofl@exp               cstackCOMRAM 000012
___xxtofl@sign              cstackCOMRAM 000011
___xxtofl@val               cstackCOMRAM 000009
__accesstop                 (abs)        000060
__activetblptr              (abs)        000002
__end_of___fldiv            text30       0003AC
__end_of___fltol            text29       000FCA
__end_of___lwdiv            text27       0012EA
__end_of___lwmod            text26       001492
__end_of___xxtofl           text28       000C3C
__end_of__initialization    cinit        001420
__end_of_car_menu           text31       000A88
__end_of_clcd_print         text33       0013C8
__end_of_clcd_putch         text32       0016C0
__end_of_clcd_write         text34       0015E0
__end_of_display_dashboard  text12       001090
__end_of_display_speed      text25       0015A6
__end_of_gear_monitor       text24       000DBC
__end_of_get_time           text14       001276
__end_of_i2c_idle           text22       0016E8
__end_of_i2c_no_ack         text23       001734
__end_of_i2c_read           text20       001700
__end_of_i2c_rep_start      text19       001720
__end_of_i2c_rx_mode        text21       001728
__end_of_i2c_start          text18       001718
__end_of_i2c_stop           text17       001710
__end_of_i2c_write          text16       0016F4
__end_of_init_adc           text11       001674
__end_of_init_clcd          text10       0011F6
__end_of_init_config        text4        00168E
__end_of_init_ds1307        text8        0014DA
__end_of_init_i2c           text7        0016D6
__end_of_init_matrix_keypad text6        001708
__end_of_init_timer0        text5        0016A8
__end_of_isr                intcode_body 001568
__end_of_main               text0        001146
__end_of_read_adc           text13       001522
__end_of_read_ds1307        text15       001638
__end_of_read_password      text3        00071E
__end_of_read_switches      text1        00135C
__end_of_scan_key           text2        000EC4
__end_of_write_ds1307       text9        001656
__initialization            cinit        0013C8
__mediumconst               mediumconst  002ED6
__pbssBANK0                 bssBANK0     00008D
__pbssCOMRAM                bssCOMRAM    00003C
__pcinit                    cinit        0013C8
__pcstackCOMRAM             cstackCOMRAM 000001
__pdataBANK0                dataBANK0    000060
__pdataCOMRAM               dataCOMRAM   000057
__pidataBANK0               idataBANK0   0015E0
__pidataCOMRAM              idataCOMRAM  001728
__pintcode                  intcode      000008
__pintcode_body             intcode_body 001522
__pmediumconst              mediumconst  002ED6
__ptext0                    text0        001090
__ptext1                    text1        0012EA
__ptext10                   text10       001146
__ptext11                   text11       001656
__ptext12                   text12       000FCA
__ptext13                   text13       0014DA
__ptext14                   text14       0011F6
__ptext15                   text15       00160E
__ptext16                   text16       0016E8
__ptext17                   text17       001708
__ptext18                   text18       001710
__ptext19                   text19       001718
__ptext2                    text2        000DBC
__ptext20                   text20       0016F4
__ptext21                   text21       001720
__ptext22                   text22       0016D6
__ptext23                   text23       00172E
__ptext24                   text24       000C3C
__ptext25                   text25       001568
__ptext26                   text26       00142E
__ptext27                   text27       001276
__ptext28                   text28       000A88
__ptext29                   text29       000EC4
__ptext3                    text3        0003AC
__ptext30                   text30       000012
__ptext31                   text31       00071E
__ptext32                   text32       0016A8
__ptext33                   text33       00135C
__ptext34                   text34       0015A6
__ptext4                    text4        001674
__ptext5                    text5        00168E
__ptext6                    text6        001700
__ptext7                    text7        0016C0
__ptext8                    text8        001492
__ptext9                    text9        001638
__ramtop                    ramtop       000600
__smallconst                smallconst   000000
_attempt                    dataCOMRAM   00005C
_car_menu                   text31       00071E
_clcd_print                 text33       00135C
_clcd_putch                 text32       0016A8
_clcd_write                 text34       0015A6
_clock_reg                  bssCOMRAM    00003C
_count                      bssCOMRAM    00003F
_display_dashboard          text12       000FCA
_display_speed              text25       001568
_enter_flag                 bssCOMRAM    000056
_enter_index                bssCOMRAM    000043
_enter_password             bssBANK0     00008D
_event                      dataBANK0    00007C
_gear_data                  dataBANK0    000060
_gear_index                 bssCOMRAM    000051
_gear_monitor               text24       000C3C
_get_time                   text14       0011F6
_i2c_idle                   text22       0016D6
_i2c_no_ack                 text23       00172E
_i2c_read                   text20       0016F4
_i2c_rep_start              text19       001718
_i2c_rx_mode                text21       001720
_i2c_start                  text18       001710
_i2c_stop                   text17       001708
_i2c_write                  text16       0016E8
_index                      bssCOMRAM    00004D
_index_1                    bssCOMRAM    000045
_index_2                    dataCOMRAM   000059
_init_adc                   text11       001656
_init_clcd                  text10       001146
_init_config                text4        001674
_init_ds1307                text8        001492
_init_i2c                   text7        0016C0
_init_matrix_keypad         text6        001700
_init_timer0                text5        00168E
_isr                        intcode      000008
_key                        bssBANK0     000092
_main                       text0        001090
_menu                       dataBANK0    000070
_menu_flag                  bssCOMRAM    000049
_original_password          dataBANK0    00007A
_pass_key                   bssCOMRAM    000055
_previous_key               bssCOMRAM    000047
_read_adc                   text13       0014DA
_read_ds1307                text15       00160E
_read_password              text3        0003AC
_read_switches              text1        0012EA
_scan_key                   text2        000DBC
_sec                        bssCOMRAM    000053
_speed                      bssCOMRAM    00004F
_star_flag                  dataCOMRAM   000057
_wait                       bssCOMRAM    00004B
_wait1                      bssCOMRAM    000041
_write_ds1307               text9        001638
btemp                       temp         00005D
car_menu@key                cstackCOMRAM 00000C
clcd_print@addr             cstackCOMRAM 000005
clcd_print@data             cstackCOMRAM 000003
clcd_putch@addr             cstackCOMRAM 000008
clcd_putch@data             cstackCOMRAM 000009
clcd_write@byte             cstackCOMRAM 000002
clcd_write@control_bit      cstackCOMRAM 000001
display_dashboard@key       cstackCOMRAM 00003A
display_speed@speed         cstackCOMRAM 000008
end_of_initialization       cinit        001420
gear_monitor@ind            cstackCOMRAM 000003
gear_monitor@key            cstackCOMRAM 000005
i2c_write@data              cstackCOMRAM 000001
init_ds1307@dummy           cstackCOMRAM 000004
int$flags                   temp         00005D
int_func                    intcode_body 001522
intlevel0                   text         000000
intlevel1                   text         000000
intlevel2                   text         000000
intlevel3                   text         000000
isa$std                     (abs)        000001
isa$xinst                   (abs)        000000
main@key                    cstackCOMRAM 00003B
read_adc@channel            cstackCOMRAM 000008
read_ds1307@address         cstackCOMRAM 000002
read_ds1307@data            cstackCOMRAM 000003
read_password@count         cstackCOMRAM 00000C
read_password@ind_compare   cstackCOMRAM 00000F
read_password@key           cstackCOMRAM 00000E
read_switches@detection     cstackCOMRAM 000001
read_switches@key           cstackCOMRAM 000002
read_switches@once          dataCOMRAM   00005B
stackhi                     (abs)        000000
stacklo                     (abs)        000000
start                       init         00000E
start_initialization        cinit        0013C8
ttemp5                      temp         00005E
ttemp6                      temp         000061
ttemp7                      temp         000065
write_ds1307@address        cstackCOMRAM 000003
write_ds1307@data           cstackCOMRAM 000002
wtemp8                      temp         00005E


MODULE INFORMATION

Module		Function		Class		Link	Load	Size
car_black_box.c
		_display_speed 		CODE           	1568	0000	62
		_display_dashboard		CODE           	0FCA	0000	198
		_car_menu      		CODE           	071E	0000	874
		_get_time      		CODE           	11F6	0000	128
		_gear_monitor  		CODE           	0C3C	0000	384
		_read_password 		CODE           	03AC	0000	882

car_black_box.c estimated size: 2528

C:\Program Files\Microchip\xc8\v2.41\pic\sources\c99\common\fltol.c
		___fltol       		CODE           	0EC4	0000	262

C:\Program Files\Microchip\xc8\v2.41\pic\sources\c99\common\fltol.c estimated size: 262

C:\Program Files\Microchip\xc8\v2.41\pic\sources\c99\common\xxtofl.c
		___xxtofl      		CODE           	0A88	0000	436

C:\Program Files\Microchip\xc8\v2.41\pic\sources\c99\common\xxtofl.c estimated size: 436

i2c.c
		_i2c_start     		CODE           	1710	0000	8
		_i2c_no_ack    		CODE           	172E	0000	6
		_i2c_rep_start 		CODE           	1718	0000	8
		_i2c_idle      		CODE           	16D6	0000	18
		_i2c_write     		CODE           	16E8	0000	12
		_i2c_stop      		CODE           	1708	0000	8
		_i2c_read      		CODE           	16F4	0000	12
		_init_i2c      		CODE           	16C0	0000	22
		_i2c_rx_mode   		CODE           	1720	0000	8

i2c.c estimated size: 102

C:\Program Files\Microchip\xc8\v2.41\pic\sources\c99\common\lwdiv.c
		___lwdiv       		CODE           	1276	0000	116

C:\Program Files\Microchip\xc8\v2.41\pic\sources\c99\common\lwdiv.c estimated size: 116

timer0.c
		_init_timer0   		CODE           	168E	0000	26

timer0.c estimated size: 26

ds1307.c
		_read_ds1307   		CODE           	160E	0000	42
		_write_ds1307  		CODE           	1638	0000	30
		_init_ds1307   		CODE           	1492	0000	72

ds1307.c estimated size: 144

adc.c
		_init_adc      		CODE           	1656	0000	30
		_read_adc      		CODE           	14DA	0000	72

adc.c estimated size: 102

mkp.c
		_init_matrix_keypad		CODE           	1700	0000	8
		_read_switches 		CODE           	12EA	0000	114
		_scan_key      		CODE           	0DBC	0000	264

mkp.c estimated size: 386

isr.c
		_isr           		CODE           	0008	0000	76

isr.c estimated size: 76

shared
		__initialization		CODE           	13C8	0000	88

shared estimated size: 88

clcd.c
		_clcd_write    		CODE           	15A6	0000	58
		_clcd_print    		CODE           	135C	0000	108
		_clcd_putch    		CODE           	16A8	0000	24
		_init_clcd     		CODE           	1146	0000	176

clcd.c estimated size: 366

main.c
		_main          		CODE           	1090	0000	182
		_init_config   		CODE           	1674	0000	26

main.c estimated size: 208

C:\Program Files\Microchip\xc8\v2.41\pic\sources\c99\common\sprcdiv.c
		___fldiv       		CODE           	0012	0000	922

C:\Program Files\Microchip\xc8\v2.41\pic\sources\c99\common\sprcdiv.c estimated size: 922

C:\Program Files\Microchip\xc8\v2.41\pic\sources\c99\common\lwmod.c
		___lwmod       		CODE           	142E	0000	100

C:\Program Files\Microchip\xc8\v2.41\pic\sources\c99\common\lwmod.c estimated size: 100

