Microchip MPLAB XC8 Compiler V2.41

Linker command line:

-W-3 \
  --edf=C:\Program Files\Microchip\xc8\v2.41\pic\dat\20230208172133_en.msgs \
  -cn -h+dist/default/production\car_back_box.X.production.sym \
  --cmf=dist/default/production\car_back_box.X.production.cmf -z -Q18F4580 \
  -oC:\Users\santh\AppData\Local\Temp\xcCsauk.2\driver_tmp_3.o \
  --defsym=__MPLAB_BUILD=1 --fixupoverflow=error \
  -Mdist/default/production/car_back_box.X.production.map \
  --md=C:\Users\santh\AppData\Local\Temp\xcCsauk.2\driver_tmp_0.dat -E1 \
  -ver=XC8 Compiler --acfsm=1493 -ACODE=00h-03000h -ACONST=00h-03000h \
  -ASMALLCONST=0600h-06FFhx42,03000h-03000h -AMEDIUMCONST=0600h-03000h \
  -ACOMRAM=01h-05Fh -AABS1=00h-05FFh -ABIGRAM=01h-05FFh \
  -ARAM=060h-0FFh,0100h-01FFhx5 -ABANK0=060h-0FFh -ABANK1=0100h-01FFh \
  -ABANK2=0200h-02FFh -ABANK3=0300h-03FFh -ABANK4=0400h-04FFh \
  -ABANK5=0500h-05FFh -ASFR=0D00h-0DFFhx2,0F00h-0F5Fh,0F60h-0FFFh \
  -ABIGSFR=0D00h-0FFFh -ACONFIG=0300000h-030000Dh -AIDLOC=0200000h-0200007h \
  -AEEDATA=0F00000h-0F000FFh -peeprom_data=EEDATA \
  -preset_vec=00h,intcode=08h,intcodelo,powerup,init -pramtop=0600h \
  -psmallconst=SMALLCONST -pmediumconst=MEDIUMCONST -pconst=CONST \
  -AFARRAM=00h-00h \
  -prdata=COMRAM,nvrram=COMRAM,nvbit=COMRAM,rbss=COMRAM,rbit=COMRAM \
  -pfarbss=FARRAM,fardata=FARRAM,nvFARRAM=FARRAM \
  -pintsave_regs=BIGRAM,bigbss=BIGRAM,bigdata=BIGRAM -pbss=RAM \
  -pidata=CODE,irdata=CODE,ibigdata=CODE,ifardata=CODE -prparam=COMRAM \
  C:\Users\santh\AppData\Local\Temp\xcCsauk.2\driver_tmp_9.o \
  dist/default/production\car_back_box.X.production.o 

Object code version is 3.11

Machine type is 18F4580



                Name                               Link     Load   Length Selector   Space Scale
C:\Users\santh\AppData\Local\Temp\xcCsauk.2\driver_tmp_9.o
                idloc                            200000   200000        8        0       5
                config                           300000   300000        E        0       4
                init                                  E        E        4        4       0
                reset_vec                             0        0        4        0       0
dist/default/production\car_back_box.X.production.o
                intcode                               8        8        6        4       0
                idloc                            200000   200000        8        0       5
                config                           300000   300000        E        0       4
                temp                                 5C       5C        1        1       1
                mediumconst                        2E98     2E98      168     174C       0
                intcode_body                       1B78     1B78       48        4       0
                text40                             1C78     1C78       3A        4       0
                text39                             19B2     19B2       6C        4       0
                text38                             1D76     1D76       18        4       0
                text37                             1A84     1A84       64        4       0
                text36                             1DA4     1DA4       12        4       0
                text35                             1DEE     1DEE        8        4       0
                text34                             1DE6     1DE6        8        4       0
                text33                             1DC2     1DC2        C        4       0
                text32                             1BC0     1BC0       40        4       0
                text31                             17BC     17BC       90        4       0
                text30                              6FE      6FE      336        4       0
                text29                             171E     171E       9E        4       0
                text28                              3AC      3AC      352        4       0
                text27                               12       12      39A        4       0
                text26                             1496     1496      106        4       0
                text25                              F12      F12      1B4        4       0
                text24                             18CC     18CC       74        4       0
                text23                             1C00     1C00       3E        4       0
                text22                             10C6     10C6      182        4       0
                text21                             1DFC     1DFC        6        4       0
                text20                             1DDE     1DDE        8        4       0
                text19                             1DB6     1DB6        C        4       0
                text18                             1DD6     1DD6        8        4       0
                text17                             1CDC     1CDC       2A        4       0
                text16                             184C     184C       80        4       0
                text15                             1B30     1B30       48        4       0
                text14                             159C     159C       D2        4       0
                text13                             1D24     1D24       1E        4       0
                text12                             166E     166E       B0        4       0
                text11                             1D06     1D06       1E        4       0
                text10                             1AE8     1AE8       48        4       0
                text9                              1D8E     1D8E       16        4       0
                text8                              1DCE     1DCE        8        4       0
                text7                              1D5C     1D5C       1A        4       0
                text6                              1D42     1D42       1A        4       0
                text5                               A34      A34      2DE        4       0
                text4                              138E     138E      108        4       0
                text3                              1940     1940       72        4       0
                text2                              1CB2     1CB2       2A        4       0
                text1                               D12      D12      200        4       0
                text0                              1248     1248      146        4       0
                cstackCOMRAM                          1        1       3B        1       1
                dataBANK0                            60       60       3A       60       1
                bssBANK0                             9A       9A       23       60       1
                dataCOMRAM                           56       56        6        1       1
                bssCOMRAM                            3C       3C       1A        1       1
                cinit                              1A1E     1A1E       66        4       0
                idataBANK0                         1C3E     1C3E       3A        4       0
                idataCOMRAM                        1DF6     1DF6        6        4       0

TOTAL           Name                               Link     Load   Length     Space
        CLASS   CODE           
                intcode                               8        8        6         0
                init                                  E        E        4         0
                reset_vec                             0        0        4         0
                intcode_body                       1B78     1B78       48         0
                text40                             1C78     1C78       3A         0
                text39                             19B2     19B2       6C         0
                text38                             1D76     1D76       18         0
                text37                             1A84     1A84       64         0
                text36                             1DA4     1DA4       12         0
                text35                             1DEE     1DEE        8         0
                text34                             1DE6     1DE6        8         0
                text33                             1DC2     1DC2        C         0
                text32                             1BC0     1BC0       40         0
                text31                             17BC     17BC       90         0
                text30                              6FE      6FE      336         0
                text29                             171E     171E       9E         0
                text28                              3AC      3AC      352         0
                text27                               12       12      39A         0
                text26                             1496     1496      106         0
                text25                              F12      F12      1B4         0
                text24                             18CC     18CC       74         0
                text23                             1C00     1C00       3E         0
                text22                             10C6     10C6      182         0
                text21                             1DFC     1DFC        6         0
                text20                             1DDE     1DDE        8         0
                text19                             1DB6     1DB6        C         0
                text18                             1DD6     1DD6        8         0
                text17                             1CDC     1CDC       2A         0
                text16                             184C     184C       80         0
                text15                             1B30     1B30       48         0
                text14                             159C     159C       D2         0
                text13                             1D24     1D24       1E         0
                text12                             166E     166E       B0         0
                text11                             1D06     1D06       1E         0
                text10                             1AE8     1AE8       48         0
                text9                              1D8E     1D8E       16         0
                text8                              1DCE     1DCE        8         0
                text7                              1D5C     1D5C       1A         0
                text6                              1D42     1D42       1A         0
                text5                               A34      A34      2DE         0
                text4                              138E     138E      108         0
                text3                              1940     1940       72         0
                text2                              1CB2     1CB2       2A         0
                text1                               D12      D12      200         0
                text0                              1248     1248      146         0
                cinit                              1A1E     1A1E       66         0
                idataBANK0                         1C3E     1C3E       3A         0
                idataCOMRAM                        1DF6     1DF6        6         0

        CLASS   CONST          

        CLASS   SMALLCONST     

        CLASS   MEDIUMCONST    
                mediumconst                        2E98     2E98      168         0

        CLASS   COMRAM         
                temp                                 5C       5C        1         1
                cstackCOMRAM                          1        1       3B         1
                dataCOMRAM                           56       56        6         1
                bssCOMRAM                            3C       3C       1A         1

        CLASS   ABS1           

        CLASS   BIGRAM         

        CLASS   RAM            

        CLASS   BANK0          
                dataBANK0                            60       60       3A         1
                bssBANK0                             9A       9A       23         1

        CLASS   BANK1          

        CLASS   BANK2          

        CLASS   BANK3          

        CLASS   BANK4          

        CLASS   BANK5          

        CLASS   SFR            

        CLASS   BIGSFR         

        CLASS   CONFIG         
                config                           300000   300000        E         4

        CLASS   IDLOC          
                idloc                            200000   200000        8         5

        CLASS   EEDATA         

        CLASS   FARRAM         

        CLASS   HEAP           

        CLASS   STACK          



SEGMENTS        Name                           Load    Length   Top    Selector   Space  Class

                reset_vec                      000000  000004  000004         0       0  CODE    
                cstackCOMRAM                   000001  00005C  00005D         1       1  COMRAM  
                intcode                        000008  001DFA  001E02         4       0  CODE    
                dataBANK0                      000060  00005D  0000BD        60       1  BANK0   
                mediumconst                    002E98  000168  003000      174C       0  MEDIUMCO


UNUSED ADDRESS RANGES

        Name                Unused          Largest block    Delta
        BANK0            0000BD-0000FF               43
        BANK1            000100-0001FF              100
        BANK2            000200-0002FF              100
        BANK3            000300-0003FF              100
        BANK4            000400-0004FF              100
        BANK5            000500-0005FF              100
        BIGRAM           00005D-00005F                3
                         0000BD-0005FF              543
        BIGSFR           000D00-000FFF              300
        CODE             000004-000007                4
                         001E02-002E97             1096
                         003000-003000                1
        COMRAM           00005D-00005F                3
        CONST            000004-000007                4
                         001E02-002E97             1096
                         003000-003000                1
        EEDATA           F00000-F000FF              100
        MEDIUMCONST      001E02-002E97             1096
                         003000-003000                1
        RAM              0000BD-0005FF              100
        SFR              000D00-000FFF              100
        SMALLCONST       001E02-002E97              100
                         003000-003000                1

                                  Symbol Table

?___fldiv                           cstackCOMRAM 000017
?___fltol                           cstackCOMRAM 000030
?___lwdiv                           cstackCOMRAM 000001
?___lwmod                           cstackCOMRAM 000001
?___xxtofl                          cstackCOMRAM 000009
?_read_adc                          cstackCOMRAM 000001
?_validate_password                 cstackCOMRAM 000001
_ACKDT                              (abs)        007E2D
_ACKEN                              (abs)        007E2C
_ACKSTAT                            (abs)        007E2E
_ACQT0                              (abs)        007E03
_ACQT1                              (abs)        007E04
_ACQT2                              (abs)        007E05
_ADCON0                             (abs)        000FC2
_ADCS0                              (abs)        007E00
_ADCS1                              (abs)        007E01
_ADCS2                              (abs)        007E02
_ADFM                               (abs)        007E07
_ADON                               (abs)        007E10
_ADRESH                             (abs)        000FC4
_ADRESL                             (abs)        000FC3
_BCLIF                              (abs)        007D0B
_CKE                                (abs)        007E3E
_GIE                                (abs)        007F97
_GO                                 (abs)        007E11
_PCFG0                              (abs)        007E08
_PCFG1                              (abs)        007E09
_PCFG2                              (abs)        007E0A
_PCFG3                              (abs)        007E0B
_PEIE                               (abs)        007F96
_PEN                                (abs)        007E2A
_PORTD                              (abs)        000F83
_PSA                                (abs)        007EAB
_RB1                                (abs)        007C09
_RB2                                (abs)        007C0A
_RB3                                (abs)        007C0B
_RB4                                (abs)        007C0C
_RB5                                (abs)        007C0D
_RB6                                (abs)        007C0E
_RB7                                (abs)        007C0F
_RBPU                               (abs)        007F8F
_RC0                                (abs)        007C10
_RC1                                (abs)        007C11
_RC2                                (abs)        007C12
_RCEN                               (abs)        007E2B
_RD7                                (abs)        007C1F
_RSEN                               (abs)        007E29
_SEN                                (abs)        007E28
_SMP                                (abs)        007E3F
_SSPADD                             (abs)        000FC8
_SSPBUF                             (abs)        000FC9
_SSPCON1                            (abs)        000FC6
_SSPIF                              (abs)        007CF3
_T08BIT                             (abs)        007EAE
_T0CS                               (abs)        007EAD
_TMR0                               (abs)        000FD6
_TMR0IE                             (abs)        007F95
_TMR0IF                             (abs)        007F92
_TMR0ON                             (abs)        007EAF
_TRISB                              (abs)        000F93
_TRISC                              (abs)        000F94
_TRISC3                             (abs)        007CA3
_TRISC4                             (abs)        007CA4
_TRISD                              (abs)        000F95
_TRISD7                             (abs)        007CAF
_VCFG0                              (abs)        007E0C
_VCFG1                              (abs)        007E0D
__HRAM                              (abs)        000000
__H__absolute__                     __absolute__ 000000
__Habs1                             abs1         000000
__Hbank0                            bank0        000000
__Hbank1                            bank1        000000
__Hbank2                            bank2        000000
__Hbank3                            bank3        000000
__Hbank4                            bank4        000000
__Hbank5                            bank5        000000
__Hbigbss                           bigbss       000000
__Hbigdata                          bigdata      000000
__Hbigram                           bigram       000000
__Hbigsfr                           bigsfr       000000
__Hbss                              bss          000000
__HbssBANK0                         bssBANK0     000000
__HbssCOMRAM                        bssCOMRAM    000000
__Hcinit                            cinit        000000
__Hclrtext                          clrtext      000000
__Hcomram                           comram       000000
__Hconfig                           config       30000E
__Hconst                            const        000000
__HcstackCOMRAM                     cstackCOMRAM 000000
__Hdata                             data         000000
__HdataBANK0                        dataBANK0    000000
__HdataCOMRAM                       dataCOMRAM   000000
__Heeprom_data                      eeprom_data  000000
__Hfarbss                           farbss       000000
__Hfardata                          fardata      000000
__Hheap                             heap         000000
__Hibigdata                         ibigdata     000000
__Hidata                            idata        000000
__HidataBANK0                       idataBANK0   000000
__HidataCOMRAM                      idataCOMRAM  000000
__Hidloc                            idloc        200008
__Hifardata                         ifardata     000000
__Hinit                             init         000012
__Hintcode                          intcode      00000E
__Hintcode_body                     intcode_body 000000
__Hintcodelo                        intcodelo    00000E
__Hintentry                         intentry     000000
__Hintret                           intret       000000
__Hintsave_regs                     intsave_regs 000000
__Hirdata                           irdata       000000
__Hmediumconst                      mediumconst  003000
__HnvFARRAM                         nvFARRAM     000000
__Hnvbit                            nvbit        000000
__Hnvrram                           nvrram       000000
__Hparam                            rparam       000000
__Hpowerup                          powerup      00000E
__Hram                              ram          000000
__Hramtop                           ramtop       000600
__Hrbit                             rbit         000000
__Hrbss                             rbss         000000
__Hrdata                            rdata        000000
__Hreset_vec                        reset_vec    000004
__Hrparam                           rparam       000000
__Hsfr                              sfr          000000
__Hsmallconst                       smallconst   000000
__Hspace_0                          (abs)        003000
__Hspace_1                          (abs)        0000BD
__Hspace_2                          (abs)        000000
__Hspace_4                          (abs)        60000E
__Hstack                            stack        000000
__Hstruct                           struct       000000
__Htemp                             temp         00005D
__Htext                             text         000000
__Htext0                            text0        000000
__Htext1                            text1        000000
__Htext10                           text10       000000
__Htext11                           text11       000000
__Htext12                           text12       000000
__Htext13                           text13       000000
__Htext14                           text14       000000
__Htext15                           text15       000000
__Htext16                           text16       000000
__Htext17                           text17       000000
__Htext18                           text18       000000
__Htext19                           text19       000000
__Htext2                            text2        000000
__Htext20                           text20       000000
__Htext21                           text21       000000
__Htext22                           text22       000000
__Htext23                           text23       000000
__Htext24                           text24       000000
__Htext25                           text25       000000
__Htext26                           text26       000000
__Htext27                           text27       000000
__Htext28                           text28       000000
__Htext29                           text29       000000
__Htext3                            text3        000000
__Htext30                           text30       000000
__Htext31                           text31       000000
__Htext32                           text32       000000
__Htext33                           text33       000000
__Htext34                           text34       000000
__Htext35                           text35       000000
__Htext36                           text36       000000
__Htext37                           text37       000000
__Htext38                           text38       000000
__Htext39                           text39       000000
__Htext4                            text4        000000
__Htext40                           text40       000000
__Htext5                            text5        000000
__Htext6                            text6        000000
__Htext7                            text7        000000
__Htext8                            text8        000000
__Htext9                            text9        000000
__LRAM                              (abs)        000001
__L__absolute__                     __absolute__ 000000
__Labs1                             abs1         000000
__Lbank0                            bank0        000000
__Lbank1                            bank1        000000
__Lbank2                            bank2        000000
__Lbank3                            bank3        000000
__Lbank4                            bank4        000000
__Lbank5                            bank5        000000
__Lbigbss                           bigbss       000000
__Lbigdata                          bigdata      000000
__Lbigram                           bigram       000000
__Lbigsfr                           bigsfr       000000
__Lbss                              bss          000000
__LbssBANK0                         bssBANK0     000000
__LbssCOMRAM                        bssCOMRAM    000000
__Lcinit                            cinit        000000
__Lclrtext                          clrtext      000000
__Lcomram                           comram       000000
__Lconfig                           config       000000
__Lconst                            const        000000
__LcstackCOMRAM                     cstackCOMRAM 000000
__Ldata                             data         000000
__LdataBANK0                        dataBANK0    000000
__LdataCOMRAM                       dataCOMRAM   000000
__Leeprom_data                      eeprom_data  000000
__Lfarbss                           farbss       000000
__Lfardata                          fardata      000000
__Lheap                             heap         000000
__Libigdata                         ibigdata     000000
__Lidata                            idata        000000
__LidataBANK0                       idataBANK0   000000
__LidataCOMRAM                      idataCOMRAM  000000
__Lidloc                            idloc        000000
__Lifardata                         ifardata     000000
__Linit                             init         00000E
__Lintcode                          intcode      000008
__Lintcode_body                     intcode_body 000000
__Lintcodelo                        intcodelo    00000E
__Lintentry                         intentry     000000
__Lintret                           intret       000000
__Lintsave_regs                     intsave_regs 000000
__Lirdata                           irdata       000000
__Lmediumconst                      mediumconst  002E98
__LnvFARRAM                         nvFARRAM     000000
__Lnvbit                            nvbit        000000
__Lnvrram                           nvrram       000000
__Lparam                            rparam       000000
__Lpowerup                          powerup      00000E
__Lram                              ram          000000
__Lramtop                           ramtop       000600
__Lrbit                             rbit         000000
__Lrbss                             rbss         000000
__Lrdata                            rdata        000000
__Lreset_vec                        reset_vec    000000
__Lrparam                           rparam       000000
__Lsfr                              sfr          000000
__Lsmallconst                       smallconst   000000
__Lspace_0                          (abs)        000000
__Lspace_1                          (abs)        000000
__Lspace_2                          (abs)        000000
__Lspace_4                          (abs)        000000
__Lstack                            stack        000000
__Lstruct                           struct       000000
__Ltemp                             temp         00005C
__Ltext                             text         000000
__Ltext0                            text0        000000
__Ltext1                            text1        000000
__Ltext10                           text10       000000
__Ltext11                           text11       000000
__Ltext12                           text12       000000
__Ltext13                           text13       000000
__Ltext14                           text14       000000
__Ltext15                           text15       000000
__Ltext16                           text16       000000
__Ltext17                           text17       000000
__Ltext18                           text18       000000
__Ltext19                           text19       000000
__Ltext2                            text2        000000
__Ltext20                           text20       000000
__Ltext21                           text21       000000
__Ltext22                           text22       000000
__Ltext23                           text23       000000
__Ltext24                           text24       000000
__Ltext25                           text25       000000
__Ltext26                           text26       000000
__Ltext27                           text27       000000
__Ltext28                           text28       000000
__Ltext29                           text29       000000
__Ltext3                            text3        000000
__Ltext30                           text30       000000
__Ltext31                           text31       000000
__Ltext32                           text32       000000
__Ltext33                           text33       000000
__Ltext34                           text34       000000
__Ltext35                           text35       000000
__Ltext36                           text36       000000
__Ltext37                           text37       000000
__Ltext38                           text38       000000
__Ltext39                           text39       000000
__Ltext4                            text4        000000
__Ltext40                           text40       000000
__Ltext5                            text5        000000
__Ltext6                            text6        000000
__Ltext7                            text7        000000
__Ltext8                            text8        000000
__Ltext9                            text9        000000
__S0                                (abs)        003000
__S1                                (abs)        0000BD
__S4                                (abs)        000000
__S5                                (abs)        000000
___fldiv                            text27       000012
___fldiv@a                          cstackCOMRAM 00001B
___fldiv@aexp                       cstackCOMRAM 00002F
___fldiv@b                          cstackCOMRAM 000017
___fldiv@bexp                       cstackCOMRAM 00002E
___fldiv@grs                        cstackCOMRAM 00002A
___fldiv@new_exp                    cstackCOMRAM 000028
___fldiv@rem                        cstackCOMRAM 000023
___fldiv@sign                       cstackCOMRAM 000027
___fltol                            text26       001496
___fltol@exp1                       cstackCOMRAM 000039
___fltol@f1                         cstackCOMRAM 000030
___fltol@sign1                      cstackCOMRAM 000038
___heap_hi                          (abs)        000000
___heap_lo                          (abs)        000000
___inthi_sp                         stack        000000
___intlo_sp                         stack        000000
___lwdiv                            text24       0018CC
___lwdiv@counter                    cstackCOMRAM 000007
___lwdiv@dividend                   cstackCOMRAM 000001
___lwdiv@divisor                    cstackCOMRAM 000003
___lwdiv@quotient                   cstackCOMRAM 000005
___lwmod                            text37       001A84
___lwmod@counter                    cstackCOMRAM 000005
___lwmod@dividend                   cstackCOMRAM 000001
___lwmod@divisor                    cstackCOMRAM 000003
___param_bank                       (abs)        000000
___rparam_used                      (abs)        000001
___sp                               stack        000000
___xxtofl                           text25       000F12
___xxtofl@arg                       cstackCOMRAM 000013
___xxtofl@exp                       cstackCOMRAM 000012
___xxtofl@sign                      cstackCOMRAM 000011
___xxtofl@val                       cstackCOMRAM 000009
__accesstop                         (abs)        000060
__activetblptr                      (abs)        000002
__end_of___fldiv                    text27       0003AC
__end_of___fltol                    text26       00159C
__end_of___lwdiv                    text24       001940
__end_of___lwmod                    text37       001AE8
__end_of___xxtofl                   text25       0010C6
__end_of__initialization            cinit        001A76
__end_of_car_menu                   text30       000A34
__end_of_change_password            text28       0006FE
__end_of_clcd_print                 text39       001A1E
__end_of_clcd_putch                 text38       001D8E
__end_of_clcd_write                 text40       001CB2
__end_of_display_dashboard          text14       00166E
__end_of_display_speed              text23       001C3E
__end_of_gear_monitor               text22       001248
__end_of_get_time                   text16       0018CC
__end_of_i2c_idle                   text36       001DB6
__end_of_i2c_no_ack                 text21       001E02
__end_of_i2c_read                   text19       001DC2
__end_of_i2c_rep_start              text18       001DDE
__end_of_i2c_rx_mode                text20       001DE6
__end_of_i2c_start                  text35       001DF6
__end_of_i2c_stop                   text34       001DEE
__end_of_i2c_write                  text33       001DCE
__end_of_init_adc                   text13       001D42
__end_of_init_clcd                  text12       00171E
__end_of_init_config                text6        001D5C
__end_of_init_ds1307                text10       001B30
__end_of_init_i2c                   text9        001DA4
__end_of_init_matrix_keypad         text8        001DD6
__end_of_init_timer0                text7        001D76
__end_of_isr                        intcode_body 001BC0
__end_of_main                       text0        00138E
__end_of_read_adc                   text15       001B78
__end_of_read_ds1307                text17       001D06
__end_of_read_external_eeprom       text2        001CDC
__end_of_read_password              text5        000D12
__end_of_read_switches              text3        0019B2
__end_of_scan_key                   text4        001496
__end_of_store_event                text31       00184C
__end_of_validate_password          text29       0017BC
__end_of_view_log                   text1        000F12
__end_of_write_ds1307               text11       001D24
__end_of_write_external_eeprom      text32       001C00
__initialization                    cinit        001A1E
__mediumconst                       mediumconst  002E98
__pbssBANK0                         bssBANK0     00009A
__pbssCOMRAM                        bssCOMRAM    00003C
__pcinit                            cinit        001A1E
__pcstackCOMRAM                     cstackCOMRAM 000001
__pdataBANK0                        dataBANK0    000060
__pdataCOMRAM                       dataCOMRAM   000056
__pidataBANK0                       idataBANK0   001C3E
__pidataCOMRAM                      idataCOMRAM  001DF6
__pintcode                          intcode      000008
__pintcode_body                     intcode_body 001B78
__pmediumconst                      mediumconst  002E98
__ptext0                            text0        001248
__ptext1                            text1        000D12
__ptext10                           text10       001AE8
__ptext11                           text11       001D06
__ptext12                           text12       00166E
__ptext13                           text13       001D24
__ptext14                           text14       00159C
__ptext15                           text15       001B30
__ptext16                           text16       00184C
__ptext17                           text17       001CDC
__ptext18                           text18       001DD6
__ptext19                           text19       001DB6
__ptext2                            text2        001CB2
__ptext20                           text20       001DDE
__ptext21                           text21       001DFC
__ptext22                           text22       0010C6
__ptext23                           text23       001C00
__ptext24                           text24       0018CC
__ptext25                           text25       000F12
__ptext26                           text26       001496
__ptext27                           text27       000012
__ptext28                           text28       0003AC
__ptext29                           text29       00171E
__ptext3                            text3        001940
__ptext30                           text30       0006FE
__ptext31                           text31       0017BC
__ptext32                           text32       001BC0
__ptext33                           text33       001DC2
__ptext34                           text34       001DE6
__ptext35                           text35       001DEE
__ptext36                           text36       001DA4
__ptext37                           text37       001A84
__ptext38                           text38       001D76
__ptext39                           text39       0019B2
__ptext4                            text4        00138E
__ptext40                           text40       001C78
__ptext5                            text5        000A34
__ptext6                            text6        001D42
__ptext7                            text7        001D5C
__ptext8                            text8        001DCE
__ptext9                            text9        001D8E
__ramtop                            ramtop       000600
__smallconst                        smallconst   000000
_address                            bssBANK0     00009C
_attempt                            dataCOMRAM   00005B
_car_menu                           text30       0006FE
_change_password                    text28       0003AC
_clcd_print                         text39       0019B2
_clcd_putch                         text38       001D76
_clcd_write                         text40       001C78
_clock_reg                          bssCOMRAM    00003C
_confirm_password                   bssBANK0     0000B3
_count                              bssBANK0     00009A
_count_event                        bssCOMRAM    00003F
_display_dashboard                  text14       00159C
_display_speed                      text23       001C00
_enter_flag                         bssCOMRAM    000055
_enter_password                     bssBANK0     0000B8
_event                              dataBANK0    000084
_gear_data                          dataBANK0    000060
_gear_index                         bssCOMRAM    00004D
_gear_monitor                       text22       0010C6
_get_time                           text16       00184C
_i2c_idle                           text36       001DA4
_i2c_no_ack                         text21       001DFC
_i2c_read                           text19       001DB6
_i2c_rep_start                      text18       001DD6
_i2c_rx_mode                        text20       001DDE
_i2c_start                          text35       001DEE
_i2c_stop                           text34       001DE6
_i2c_write                          text33       001DC2
_index                              bssCOMRAM    00004B
_index_1                            bssCOMRAM    000045
_index_2                            dataCOMRAM   000058
_index_eeprom                       bssCOMRAM    00004F
_init_adc                           text13       001D24
_init_clcd                          text12       00166E
_init_config                        text6        001D42
_init_ds1307                        text10       001AE8
_init_i2c                           text9        001D8E
_init_matrix_keypad                 text8        001DCE
_init_timer0                        text7        001D5C
_isr                                intcode      000008
_key                                bssBANK0     00009E
_main                               text0        001248
_menu                               dataBANK0    00007A
_menu_event                         dataBANK0    000070
_menu_index                         bssCOMRAM    000043
_original_password                  dataBANK0    000095
_pass_flag                          bssCOMRAM    000053
_pass_key                           bssCOMRAM    000054
_previous_key                       bssCOMRAM    000047
_read_adc                           text15       001B30
_read_ds1307                        text17       001CDC
_read_external_eeprom               text2        001CB2
_read_password                      text5        000A34
_read_switches                      text3        001940
_scan_key                           text4        00138E
_sec                                bssCOMRAM    000051
_speed                              bssBANK0     0000A0
_star_flag                          dataCOMRAM   000056
_store_event                        text31       0017BC
_validate_password                  text29       00171E
_view_event                         bssBANK0     0000A2
_view_log                           text1        000D12
_wait                               bssCOMRAM    000049
_wait1                              bssCOMRAM    000041
_write_ds1307                       text11       001D06
_write_external_eeprom              text32       001BC0
btemp                               temp         00005C
car_menu@key                        cstackCOMRAM 00000E
change_password@key                 cstackCOMRAM 00000C
clcd_print@addr                     cstackCOMRAM 000005
clcd_print@data                     cstackCOMRAM 000003
clcd_putch@addr                     cstackCOMRAM 000008
clcd_putch@data                     cstackCOMRAM 000009
clcd_write@byte                     cstackCOMRAM 000002
clcd_write@control_bit              cstackCOMRAM 000001
display_dashboard@key               cstackCOMRAM 00003A
display_speed@speed                 cstackCOMRAM 000008
end_of_initialization               cinit        001A76
gear_monitor@ind                    cstackCOMRAM 000003
gear_monitor@key                    cstackCOMRAM 000005
i2c_write@data                      cstackCOMRAM 000001
init_ds1307@dummy                   cstackCOMRAM 000004
int$flags                           temp         00005C
int_func                            intcode_body 001B78
intlevel0                           text         000000
intlevel1                           text         000000
intlevel2                           text         000000
intlevel3                           text         000000
isa$std                             (abs)        000001
isa$xinst                           (abs)        000000
main@key                            cstackCOMRAM 00003B
read_adc@channel                    cstackCOMRAM 000008
read_ds1307@address                 cstackCOMRAM 000002
read_ds1307@data                    cstackCOMRAM 000003
read_external_eeprom@address        cstackCOMRAM 000002
read_external_eeprom@data           cstackCOMRAM 000003
read_password@key                   cstackCOMRAM 00000C
read_switches@detection             cstackCOMRAM 000001
read_switches@key                   cstackCOMRAM 000002
read_switches@once                  dataCOMRAM   00005A
stackhi                             (abs)        000000
stacklo                             (abs)        000000
start                               init         00000E
start_initialization                cinit        001A1E
store_event@address                 cstackCOMRAM 000008
store_event@event                   cstackCOMRAM 000006
store_event@ind                     cstackCOMRAM 00000A
ttemp5                              temp         00005D
ttemp6                              temp         000060
ttemp7                              temp         000064
validate_password@enter_password    cstackCOMRAM 000003
validate_password@ind_compare       cstackCOMRAM 000008
validate_password@original_password cstackCOMRAM 000001
view_log@i                          cstackCOMRAM 00000C
view_log@key                        cstackCOMRAM 00000E
write_ds1307@address                cstackCOMRAM 000003
write_ds1307@data                   cstackCOMRAM 000002
write_external_eeprom@address       cstackCOMRAM 000005
write_external_eeprom@data          cstackCOMRAM 000002
write_external_eeprom@i             cstackCOMRAM 000003
wtemp8                              temp         00005D


MODULE INFORMATION

Module		Function		Class		Link	Load	Size
car_black_box.c
		_view_log      		CODE           	0D12	0000	512
		_display_speed 		CODE           	1C00	0000	62
		_change_password		CODE           	03AC	0000	850
		_display_dashboard		CODE           	159C	0000	210
		_car_menu      		CODE           	06FE	0000	822
		_get_time      		CODE           	184C	0000	128
		_gear_monitor  		CODE           	10C6	0000	386
		_validate_password		CODE           	171E	0000	158
		_store_event   		CODE           	17BC	0000	144
		_read_password 		CODE           	0A34	0000	734

car_black_box.c estimated size: 4006

C:\Program Files\Microchip\xc8\v2.41\pic\sources\c99\common\fltol.c
		___fltol       		CODE           	1496	0000	262

C:\Program Files\Microchip\xc8\v2.41\pic\sources\c99\common\fltol.c estimated size: 262

C:\Program Files\Microchip\xc8\v2.41\pic\sources\c99\common\xxtofl.c
		___xxtofl      		CODE           	0F12	0000	436

C:\Program Files\Microchip\xc8\v2.41\pic\sources\c99\common\xxtofl.c estimated size: 436

i2c.c
		_i2c_start     		CODE           	1DEE	0000	8
		_i2c_no_ack    		CODE           	1DFC	0000	6
		_i2c_rep_start 		CODE           	1DD6	0000	8
		_i2c_idle      		CODE           	1DA4	0000	18
		_i2c_write     		CODE           	1DC2	0000	12
		_i2c_stop      		CODE           	1DE6	0000	8
		_i2c_read      		CODE           	1DB6	0000	12
		_init_i2c      		CODE           	1D8E	0000	22
		_i2c_rx_mode   		CODE           	1DDE	0000	8

i2c.c estimated size: 102

C:\Program Files\Microchip\xc8\v2.41\pic\sources\c99\common\lwdiv.c
		___lwdiv       		CODE           	18CC	0000	116

C:\Program Files\Microchip\xc8\v2.41\pic\sources\c99\common\lwdiv.c estimated size: 116

timer0.c
		_init_timer0   		CODE           	1D5C	0000	26

timer0.c estimated size: 26

ds1307.c
		_read_ds1307   		CODE           	1CDC	0000	42
		_write_ds1307  		CODE           	1D06	0000	30
		_init_ds1307   		CODE           	1AE8	0000	72

ds1307.c estimated size: 144

adc.c
		_init_adc      		CODE           	1D24	0000	30
		_read_adc      		CODE           	1B30	0000	72

adc.c estimated size: 102

mkp.c
		_init_matrix_keypad		CODE           	1DCE	0000	8
		_read_switches 		CODE           	1940	0000	114
		_scan_key      		CODE           	138E	0000	264

mkp.c estimated size: 386

isr.c
		_isr           		CODE           	0008	0000	78

isr.c estimated size: 78

shared
		__initialization		CODE           	1A1E	0000	88

shared estimated size: 88

clcd.c
		_clcd_write    		CODE           	1C78	0000	58
		_clcd_print    		CODE           	19B2	0000	108
		_clcd_putch    		CODE           	1D76	0000	24
		_init_clcd     		CODE           	166E	0000	176

clcd.c estimated size: 366

ext_eeprom.c
		_write_external_eeprom		CODE           	1BC0	0000	64
		_read_external_eeprom		CODE           	1CB2	0000	42

ext_eeprom.c estimated size: 106

main.c
		_main          		CODE           	1248	0000	326
		_init_config   		CODE           	1D42	0000	26

main.c estimated size: 352

C:\Program Files\Microchip\xc8\v2.41\pic\sources\c99\common\sprcdiv.c
		___fldiv       		CODE           	0012	0000	922

C:\Program Files\Microchip\xc8\v2.41\pic\sources\c99\common\sprcdiv.c estimated size: 922

C:\Program Files\Microchip\xc8\v2.41\pic\sources\c99\common\lwmod.c
		___lwmod       		CODE           	1A84	0000	100

C:\Program Files\Microchip\xc8\v2.41\pic\sources\c99\common\lwmod.c estimated size: 100

